<html>
<body>
<pre>
<h1>µVision Build Log</h1>
<h2>Tool Versions:</h2>
IDE-Version: ¦ÌVision V5.35.0.0
Copyright (C) 2021 ARM Ltd and ARM Germany GmbH. All rights reserved.
License Information: badas 2434509, HP Inc., LIC=BUURY-ICG4L-RAIDM-XRHR6-UKXDR-PUBXD
 
Tool Versions:
Toolchain:       MDK-ARM Plus  Version: 5.35.0.2
Toolchain Path:  C:\Keil_v5\ARM\ARMCC\Bin
C Compiler:      Armcc.exe V5.06 update 7 (build 960)
Assembler:       Armasm.exe V5.06 update 7 (build 960)
Linker/Locator:  ArmLink.exe V5.06 update 7 (build 960)
Library Manager: ArmAr.exe V5.06 update 7 (build 960)
Hex Converter:   FromElf.exe V5.06 update 7 (build 960)
CPU DLL:         SARMCM3.DLL V5.35.0.2
Dialog DLL:      DCM.DLL V1.17.3.0
Target DLL:      STLink\ST-LINKIII-KEIL_SWO.dll V3.0.9.0
Dialog DLL:      TCM.DLL V1.53.0.0
 
<h2>Project:</h2>
C:\stm32Work\RTX5_EnvMonitor\USER\RTX_5.uvprojx
Project File Date:  06/08/2022

<h2>Output:</h2>
*** Using Compiler 'V5.06 update 7 (build 960)', folder: 'C:\Keil_v5\ARM\ARMCC\Bin'
Build target 'RTX5_1'
compiling main.c...
compiling beep_thread.c...
compiling stm32l4xx_hal_msp.c...
compiling aht10_thread.c...
compiling start_thread.c...
compiling lcd_thread.c...
compiling uart_thread.c...
compiling stm32l4xx_hal.c...
compiling stm32l4xx_hal_crc_ex.c...
compiling stm32l4xx_hal_adc_ex.c...
compiling stm32l4xx_hal_cortex.c...
compiling stm32l4xx_hal_can.c...
compiling stm32l4xx_hal_cryp.c...
compiling stm32l4xx_hal_comp.c...
compiling stm32l4xx_hal_crc.c...
compiling stm32l4xx_hal_adc.c...
compiling stm32l4xx_hal_cryp_ex.c...
compiling stm32l4xx_hal_dcmi.c...
compiling stm32l4xx_hal_dac_ex.c...
compiling stm32l4xx_hal_dac.c...
compiling stm32l4xx_hal_dfsdm_ex.c...
compiling stm32l4xx_hal_dma_ex.c...
compiling stm32l4xx_hal_dma.c...
compiling stm32l4xx_hal_dfsdm.c...
compiling stm32l4xx_hal_dsi.c...
compiling stm32l4xx_hal_dma2d.c...
compiling stm32l4xx_hal_exti.c...
compiling stm32l4xx_hal_firewall.c...
compiling stm32l4xx_hal_flash_ramfunc.c...
compiling stm32l4xx_hal_flash.c...
compiling stm32l4xx_hal_flash_ex.c...
compiling stm32l4xx_hal_gfxmmu.c...
compiling stm32l4xx_hal_gpio.c...
compiling stm32l4xx_hal_hash.c...
compiling stm32l4xx_hal_hash_ex.c...
compiling stm32l4xx_hal_i2c_ex.c...
compiling stm32l4xx_hal_iwdg.c...
compiling stm32l4xx_hal_hcd.c...
compiling stm32l4xx_hal_irda.c...
compiling stm32l4xx_hal_i2c.c...
compiling stm32l4xx_hal_ltdc.c...
compiling stm32l4xx_hal_lcd.c...
compiling stm32l4xx_hal_ltdc_ex.c...
compiling stm32l4xx_hal_lptim.c...
compiling stm32l4xx_hal_nor.c...
compiling stm32l4xx_hal_opamp.c...
compiling stm32l4xx_hal_nand.c...
compiling stm32l4xx_hal_opamp_ex.c...
compiling stm32l4xx_hal_ospi.c...
compiling stm32l4xx_hal_pcd_ex.c...
compiling stm32l4xx_hal_pwr.c...
compiling stm32l4xx_hal_pcd.c...
compiling stm32l4xx_hal_pwr_ex.c...
compiling stm32l4xx_hal_rcc.c...
compiling stm32l4xx_hal_qspi.c...
compiling stm32l4xx_hal_rng.c...
compiling stm32l4xx_hal_rcc_ex.c...
compiling stm32l4xx_hal_rtc.c...
compiling stm32l4xx_hal_rtc_ex.c...
compiling stm32l4xx_hal_sai.c...
compiling stm32l4xx_hal_sai_ex.c...
compiling stm32l4xx_hal_sd_ex.c...
compiling stm32l4xx_hal_sd.c...
compiling stm32l4xx_hal_smartcard.c...
compiling stm32l4xx_hal_smartcard_ex.c...
compiling stm32l4xx_hal_smbus.c...
compiling stm32l4xx_hal_spi_ex.c...
compiling stm32l4xx_hal_sram.c...
compiling stm32l4xx_hal_spi.c...
compiling stm32l4xx_hal_swpmi.c...
compiling stm32l4xx_hal_tsc.c...
compiling stm32l4xx_hal_tim_ex.c...
compiling stm32l4xx_ll_adc.c...
compiling stm32l4xx_hal_uart_ex.c...
compiling stm32l4xx_ll_comp.c...
compiling stm32l4xx_ll_crc.c...
compiling stm32l4xx_hal_tim.c...
compiling stm32l4xx_ll_crs.c...
compiling stm32l4xx_hal_uart.c...
compiling stm32l4xx_ll_dac.c...
compiling stm32l4xx_hal_usart_ex.c...
compiling stm32l4xx_ll_dma.c...
compiling stm32l4xx_ll_dma2d.c...
compiling stm32l4xx_hal_wwdg.c...
compiling stm32l4xx_ll_exti.c...
compiling stm32l4xx_hal_usart.c...
compiling stm32l4xx_ll_gpio.c...
compiling stm32l4xx_ll_i2c.c...
compiling stm32l4xx_ll_lptim.c...
compiling stm32l4xx_ll_opamp.c...
compiling stm32l4xx_ll_lpuart.c...
compiling stm32l4xx_ll_pwr.c...
compiling stm32l4xx_ll_rcc.c...
compiling stm32l4xx_ll_rng.c...
compiling stm32l4xx_ll_rtc.c...
compiling stm32l4xx_ll_swpmi.c...
compiling stm32l4xx_ll_spi.c...
compiling stm32l4xx_ll_tim.c...
compiling stm32l4xx_ll_usart.c...
compiling stm32l4xx_ll_fmc.c...
compiling stm32l4xx_ll_sdmmc.c...
compiling stm32l4xx_ll_utils.c...
compiling beep.c...
compiling device.c...
compiling key.c...
compiling aht10.c...
compiling stm32l4xx_ll_usb.c...
compiling cmsis_os1.c...
compiling rtx_lib.c...
compiling RTX_Config.c...
compiling lcd.c...
assembling startup_stm32l475xx.s...
compiling led.c...
compiling spi3.c...
compiling uart.c...
compiling iic.c...
compiling system_stm32l4xx.c...
linking...
Program Size: Code=24410 RO-data=59722 RW-data=34360 ZI-data=3208  
FromELF: creating hex file...
"..\OBJ\Template.axf" - 0 Error(s), 0 Warning(s).

<h2>Software Packages used:</h2>

Package Vendor: ARM
                http://www.keil.com/pack/ARM.CMSIS.5.8.0.pack
                ARM.CMSIS.5.8.0
                CMSIS (Common Microcontroller Software Interface Standard)
   * Component: RTOS Version: 1.0.0
   * Component: RTOS2 Version: 2.1.3
   * Component: CORE Version: 5.5.0
   * Component: Keil RTX5 Version: 5.5.3
   * Component: Keil RTX5 Variant: Library Version: 5.5.3

Package Vendor: Keil
                https://www.keil.com/pack/Keil.STM32L4xx_DFP.2.5.0.pack
                Keil.STM32L4xx_DFP.2.5.0
                STMicroelectronics STM32L4 Series Device Support, Drivers and Examples
   * Component: Startup Version: 1.3.1

<h2>Collection of Component include folders:</h2>
  .\RTE\CMSIS
  .\RTE\_RTX5_1
  C:\Users\24345\AppData\Local\Arm\Packs\ARM\CMSIS\5.8.0\CMSIS\Core\Include
  C:\Users\24345\AppData\Local\Arm\Packs\ARM\CMSIS\5.8.0\CMSIS\RTOS2\Include
  C:\Users\24345\AppData\Local\Arm\Packs\ARM\CMSIS\5.8.0\CMSIS\RTOS2\RTX\Include
  C:\Users\24345\AppData\Local\Arm\Packs\ARM\CMSIS\5.8.0\CMSIS\RTOS2\RTX\Include1
  C:\Users\24345\AppData\Local\Arm\Packs\Keil\STM32L4xx_DFP\2.5.0\Drivers\CMSIS\Device\ST\STM32L4xx\Include

<h2>Collection of Component Files used:</h2>

   * Component: ::CMSIS:RTOS:1.0.0 (API)

   * Component: ::CMSIS:RTOS2:2.1.3 (API)
      Include file:  CMSIS\RTOS2\Include\cmsis_os2.h

   * Component: ARM::CMSIS:CORE:5.5.0

   * Component: ARM::CMSIS:RTOS:Keil RTX5:5.5.3
      Source file:   CMSIS\RTOS2\RTX\Library\cmsis_os1.c
      Include file:  CMSIS\RTOS2\RTX\Include1\cmsis_os.h

   * Component: ARM::CMSIS:RTOS2:Keil RTX5:Library:5.5.3
      Source file:   CMSIS\RTOS2\RTX\Template\Semaphore.c
      Include file:  CMSIS\RTOS2\RTX\Config\RTX_Config.h
      Source file:   CMSIS\RTOS2\RTX\Template\Thread.c
      Source file:   CMSIS\RTOS2\RTX\Source\rtx_lib.c
      Source file:   CMSIS\RTOS2\RTX\Template\MsgQueue.c
      Include file:  CMSIS\RTOS2\RTX\Include\rtx_os.h
      Source file:   CMSIS\RTOS2\RTX\Template\Mutex.c
      Source file:   CMSIS\RTOS2\RTX\Template\svc_user.c
      Source file:   CMSIS\RTOS2\RTX\Template\MemPool.c
      Source file:   CMSIS\RTOS2\RTX\Template\Timer.c
      Source file:   CMSIS\RTOS2\RTX\Template\main.c
      Source file:   CMSIS\RTOS2\RTX\Config\RTX_Config.c
      Source file:   CMSIS\RTOS2\RTX\Template\Events.c
      Library file:  CMSIS\RTOS2\RTX\Library\ARM\RTX_CM4F.lib

   * Component: Keil::Device:Startup:1.3.1
      Source file:   MDK\Device\Source\ARM\STM32L4xx_DB_OPT.s
      Source file:   Drivers\CMSIS\Device\ST\STM32L4xx\Source\Templates\arm\startup_stm32l475xx.s
      Include file:  Drivers\CMSIS\Device\ST\STM32L4xx\Include\stm32l4xx.h
      Source file:   Drivers\CMSIS\Device\ST\STM32L4xx\Source\Templates\system_stm32l4xx.c
Build Time Elapsed:  00:00:10
</pre>
</body>
</html>
