Component: ARM Compiler 5.06 update 7 (build 960) Tool: armlink [4d3601]

==============================================================================

Section Cross References

    main.o(i.main) refers to rtx_kernel.o(.text.osKernelInitialize) for osKernelInitialize
    main.o(i.main) refers to rtx_thread.o(.text.osThreadNew) for osThreadNew
    main.o(i.main) refers to rtx_kernel.o(.text.osKernelStart) for osKernelStart
    main.o(i.main) refers to start_thread.o(i.start_thread) for start_thread
    main.o(i.main) refers to start_thread.o(.data) for start_t
    start_thread.o(i.start_thread) refers to device.o(i.DEVICE_Init) for DEVICE_Init
    start_thread.o(i.start_thread) refers to rtx_thread.o(.text.osThreadNew) for osThreadNew
    start_thread.o(i.start_thread) refers to aht10_thread.o(i.aht10_thread) for aht10_thread
    start_thread.o(i.start_thread) refers to aht10_thread.o(.data) for aht10_thread_id
    start_thread.o(i.start_thread) refers to lcd_thread.o(i.lcd_thread) for lcd_thread
    start_thread.o(i.start_thread) refers to lcd_thread.o(.data) for lcd_thread_id
    start_thread.o(i.start_thread) refers to beep_thread.o(i.beep_thread) for beep_thread
    start_thread.o(i.start_thread) refers to beep_thread.o(.data) for beep_thread_id
    start_thread.o(i.start_thread) refers to uart_thread.o(i.uart_thread) for uart_thread
    start_thread.o(i.start_thread) refers to uart_thread.o(.data) for uart_thread_id
    aht10_thread.o(i.aht10_thread) refers to aht10.o(i.AHT10_Read_Temperature) for AHT10_Read_Temperature
    aht10_thread.o(i.aht10_thread) refers to aht10.o(i.AHT10_Read_Humidity) for AHT10_Read_Humidity
    aht10_thread.o(i.aht10_thread) refers to rtx_delay.o(.text.osDelay) for osDelay
    aht10_thread.o(i.aht10_thread) refers to aht10_thread.o(.data) for temperature
    lcd_thread.o(i.lcd_thread) refers to _printf_pad.o(.text) for _printf_pre_padding
    lcd_thread.o(i.lcd_thread) refers to _printf_percent.o(.ARM.Collect$$_printf_percent$$00000000) for _printf_percent
    lcd_thread.o(i.lcd_thread) refers to _printf_d.o(.ARM.Collect$$_printf_percent$$00000009) for _printf_d
    lcd_thread.o(i.lcd_thread) refers to _printf_dec.o(.text) for _printf_int_dec
    lcd_thread.o(i.lcd_thread) refers to rt_memclr_w.o(.text) for __aeabi_memclr4
    lcd_thread.o(i.lcd_thread) refers to noretval__2sprintf.o(.text) for __2sprintf
    lcd_thread.o(i.lcd_thread) refers to lcd.o(i.LCD_ShowString) for LCD_ShowString
    lcd_thread.o(i.lcd_thread) refers to rtx_delay.o(.text.osDelay) for osDelay
    lcd_thread.o(i.lcd_thread) refers to aht10_thread.o(.data) for temperature
    beep_thread.o(i.beep_thread) refers to beep.o(i.BEEP) for BEEP
    beep_thread.o(i.beep_thread) refers to key.o(i.KEY_Scan) for KEY_Scan
    beep_thread.o(i.beep_thread) refers to rtx_delay.o(.text.osDelay) for osDelay
    beep_thread.o(i.beep_thread) refers to aht10_thread.o(.data) for humidity
    uart_thread.o(i.uart_thread) refers to _printf_percent.o(.ARM.Collect$$_printf_percent$$00000000) for _printf_percent
    uart_thread.o(i.uart_thread) refers to _printf_f.o(.ARM.Collect$$_printf_percent$$00000003) for _printf_f
    uart_thread.o(i.uart_thread) refers to printf1.o(x$fpl$printf1) for _printf_fp_dec
    uart_thread.o(i.uart_thread) refers to rt_memclr_w.o(.text) for __aeabi_memclr4
    uart_thread.o(i.uart_thread) refers to uart.o(i.UART1_Get_Data) for UART1_Get_Data
    uart_thread.o(i.uart_thread) refers to strcmpv7m.o(.text) for strcmp
    uart_thread.o(i.uart_thread) refers to f2d.o(x$fpl$f2d) for __aeabi_f2d
    uart_thread.o(i.uart_thread) refers to noretval__2printf.o(.text) for __2printf
    uart_thread.o(i.uart_thread) refers to aht10_thread.o(.data) for temperature
    stm32l4xx_hal.o(i.HAL_DeInit) refers to stm32l4xx_hal_msp.o(i.HAL_MspDeInit) for HAL_MspDeInit
    stm32l4xx_hal.o(i.HAL_Delay) refers to stm32l4xx_hal.o(i.HAL_GetTick) for HAL_GetTick
    stm32l4xx_hal.o(i.HAL_GetTick) refers to stm32l4xx_hal.o(.data) for uwTick
    stm32l4xx_hal.o(i.HAL_IncTick) refers to stm32l4xx_hal.o(.data) for uwTick
    stm32l4xx_hal.o(i.HAL_Init) refers to stm32l4xx_hal_cortex.o(i.HAL_NVIC_SetPriorityGrouping) for HAL_NVIC_SetPriorityGrouping
    stm32l4xx_hal.o(i.HAL_Init) refers to stm32l4xx_hal.o(i.HAL_InitTick) for HAL_InitTick
    stm32l4xx_hal.o(i.HAL_Init) refers to stm32l4xx_hal_msp.o(i.HAL_MspInit) for HAL_MspInit
    stm32l4xx_hal.o(i.HAL_InitTick) refers to stm32l4xx_hal_cortex.o(i.HAL_SYSTICK_Config) for HAL_SYSTICK_Config
    stm32l4xx_hal.o(i.HAL_InitTick) refers to stm32l4xx_hal_cortex.o(i.HAL_NVIC_SetPriority) for HAL_NVIC_SetPriority
    stm32l4xx_hal.o(i.HAL_InitTick) refers to system_stm32l4xx.o(.data) for SystemCoreClock
    stm32l4xx_hal.o(i.HAL_SYSCFG_EnableVREFBUF) refers to stm32l4xx_hal.o(i.HAL_GetTick) for HAL_GetTick
    stm32l4xx_hal_adc.o(i.ADC_ConversionStop) refers to stm32l4xx_hal_adc.o(i.LL_ADC_REG_IsConversionOngoing) for LL_ADC_REG_IsConversionOngoing
[...]
    os_idle_thread_stack                     0x20008150   Data         512  rtx_lib.o(.bss.os.thread.idle.stack)
    .bss.os.thread.timer.stack               0x20008350   Section      512  rtx_lib.o(.bss.os.thread.timer.stack)
    os_timer_thread_stack                    0x20008350   Data         512  rtx_lib.o(.bss.os.thread.timer.stack)
    .data                                    0x20008550   Section        4  start_thread.o(.data)
    .data                                    0x20008554   Section       12  aht10_thread.o(.data)
    .data                                    0x20008560   Section        4  lcd_thread.o(.data)
    .data                                    0x20008564   Section        4  beep_thread.o(.data)
    .data                                    0x20008568   Section        4  uart_thread.o(.data)
    .data                                    0x2000856c   Section        4  stm32l4xx_hal.o(.data)
    .data                                    0x20008570   Section        1  key.o(.data)
    key_up                                   0x20008570   Data           1  key.o(.data)
    .data                                    0x20008572   Section        4  lcd.o(.data)
    .data                                    0x20008578   Section       20  uart.o(.data)
    .data                                    0x2000858c   Section        1  rtx_lib.o(.data)
    os_kernel_active                         0x2000858c   Data           1  rtx_lib.o(.data)
    .data                                    0x20008590   Section        4  system_stm32l4xx.o(.data)
    .bss                                     0x20008638   Section     1152  lcd.o(.bss)
    lcd_buf                                  0x20008638   Data        1152  lcd.o(.bss)
    .bss                                     0x20008ab8   Section      100  spi3.o(.bss)
    .bss                                     0x20008b1c   Section      320  uart.o(.bss)
    .bss                                     0x20008c5c   Section       96  libspace.o(.bss)
    [Anonymous Symbol]                       0x20008cbc   Section        0  os_systick.o(.bss.os)
    PendST                                   0x20008cbc   Data           1  os_systick.o(.bss.os)
    HEAP                                     0x20008cc0   Section      512  startup_stm32l475xx.o(HEAP)
    Heap_Mem                                 0x20008cc0   Data         512  startup_stm32l475xx.o(HEAP)
    STACK                                    0x20008ec0   Section     1024  startup_stm32l475xx.o(STACK)
    Stack_Mem                                0x20008ec0   Data        1024  startup_stm32l475xx.o(STACK)
    __initial_sp                             0x200092c0   Data           0  startup_stm32l475xx.o(STACK)
    FPCCR                                    0xe000ef34   Number         0  irq_armv7m.o ABSOLUTE

    Global Symbols

    Symbol Name                              Value     Ov Type        Size  Object(Section)

    BuildAttributes$$THM_ISAv4$E$P$D$K$B$S$7EM$VFPi3$EXTD16$VFPS$VFMA$PE$A:L22UL41UL21$X:L11$S22US41US21$IEEE1$IW$USESV6$~STKCKD$USESV7$~SHL$OTIME$ROPI$IEEEJ$EBA8$UX$STANDARDLIB$REQ8$PRES8$EABIv2 0x00000000   Number         0  anon$$obj.o ABSOLUTE
    __ARM_use_no_argv                        0x00000000   Number         0  main.o ABSOLUTE
    _printf_flags                            0x00000000   Number         0  printf_stubs.o ABSOLUTE
    _printf_return_value                     0x00000000   Number         0  printf_stubs.o ABSOLUTE
    _printf_sizespec                         0x00000000   Number         0  printf_stubs.o ABSOLUTE
    _printf_widthprec                        0x00000000   Number         0  printf_stubs.o ABSOLUTE
    .bss.os.evflags.cb$$Base                  - Undefined Weak Reference
    .bss.os.evflags.cb$$Limit                 - Undefined Weak Reference
    .bss.os.mempool.cb$$Base                  - Undefined Weak Reference
    .bss.os.mempool.cb$$Limit                 - Undefined Weak Reference
    .bss.os.mutex.cb$$Base                    - Undefined Weak Reference
    .bss.os.mutex.cb$$Limit                   - Undefined Weak Reference
    .bss.os.semaphore.cb$$Base                - Undefined Weak Reference
    .bss.os.semaphore.cb$$Limit               - Undefined Weak Reference
    .bss.os.timer.cb$$Base                    - Undefined Weak Reference
    .bss.os.timer.cb$$Limit                   - Undefined Weak Reference
    __ARM_exceptions_init                     - Undefined Weak Reference
    __alloca_initialize                       - Undefined Weak Reference
    __arm_fini_                               - Undefined Weak Reference
    __arm_preinit_                            - Undefined Weak Reference
    __cpp_initialize__aeabi_                  - Undefined Weak Reference
    __cxa_finalize                            - Undefined Weak Reference
    __sigvec_lookup                           - Undefined Weak Reference
    _atexit_init                              - Undefined Weak Reference
    _call_atexit_fns                          - Undefined Weak Reference
    _clock_init                               - Undefined Weak Reference
    _fp_trap_init                             - Undefined Weak Reference
    _fp_trap_shutdown                         - Undefined Weak Reference
    _get_lc_collate                           - Undefined Weak Reference
    _get_lc_ctype                             - Undefined Weak Reference
    _get_lc_monetary                          - Undefined Weak Reference
    _get_lc_time                              - Undefined Weak Reference
    _getenv_init                              - Undefined Weak Reference
    _handle_redirection                       - Undefined Weak Reference
    _init_alloc                               - Undefined Weak Reference
    _init_user_alloc                          - Undefined Weak Reference
    _initio                                   - Undefined Weak Reference
    _printf_truncate_signed                   - Undefined Weak Reference
    _printf_truncate_unsigned                 - Undefined Weak Reference
    _rand_init                                - Undefined Weak Reference
    _signal_finish                            - Undefined Weak Reference
    _signal_init                              - Undefined Weak Reference
    _terminate_alloc                          - Undefined Weak Reference
    _terminate_user_alloc                     - Undefined Weak Reference
    _terminateio                              - Undefined Weak Reference
    __Vectors_Size                           0x00000188   Number         0  startup_stm32l475xx.o ABSOLUTE
    __Vectors                                0x08000000   Data           4  startup_stm32l475xx.o(RESET)
    __Vectors_End                            0x08000188   Data           0  startup_stm32l475xx.o(RESET)
    __main                                   0x08000189   Thumb Code     8  __main.o(!!!main)
    __scatterload                            0x08000191   Thumb Code     0  __scatter.o(!!!scatter)
    __scatterload_rt2                        0x08000191   Thumb Code    44  __scatter.o(!!!scatter)
    __scatterload_rt2_thumb_only             0x08000191   Thumb Code     0  __scatter.o(!!!scatter)
    __scatterload_null                       0x0800019f   Thumb Code     0  __scatter.o(!!!scatter)
    __decompress                             0x080001c5   Thumb Code    90  __dczerorl2.o(!!dczerorl2)
    __decompress1                            0x080001c5   Thumb Code     0  __dczerorl2.o(!!dczerorl2)
    __scatterload_zeroinit                   0x08000221   Thumb Code    28  __scatter_zi.o(!!handler_zi)
    _printf_f                                0x0800023d   Thumb Code     0  _printf_f.o(.ARM.Collect$$_printf_percent$$00000003)
    _printf_percent                          0x0800023d   Thumb Code     0  _printf_percent.o(.ARM.Collect$$_printf_percent$$00000000)
    _printf_d                                0x08000243   Thumb Code     0  _printf_d.o(.ARM.Collect$$_printf_percent$$00000009)
    _printf_percent_end                      0x08000249   Thumb Code     0  _printf_percent_end.o(.ARM.Collect$$_printf_percent$$00000017)
    __rt_lib_init                            0x0800024d   Thumb Code     0  libinit.o(.ARM.Collect$$libinit$$00000000)
    __rt_lib_init_fp_1                       0x0800024f   Thumb Code     0  libinit2.o(.ARM.Collect$$libinit$$00000001)
    __rt_lib_init_heap_1                     0x08000253   Thumb Code     0  libinit2.o(.ARM.Collect$$libinit$$0000000A)
    __rt_lib_init_lc_common                  0x08000253   Thumb Code     0  libinit2.o(.ARM.Collect$$libinit$$0000000F)
    __rt_lib_init_preinit_1                  0x08000253   Thumb Code     0  libinit2.o(.ARM.Collect$$libinit$$00000004)
    __rt_lib_init_rand_1                     0x08000253   Thumb Code     0  libinit2.o(.ARM.Collect$$libinit$$0000000E)
    __rt_lib_init_user_alloc_1               0x08000253   Thumb Code     0  libinit2.o(.ARM.Collect$$libinit$$0000000C)
    __rt_lib_init_lc_collate_1               0x08000259   Thumb Code     0  libinit2.o(.ARM.Collect$$libinit$$00000011)
    __rt_lib_init_lc_ctype_1                 0x08000259   Thumb Code     0  libinit2.o(.ARM.Collect$$libinit$$00000013)
    __rt_lib_init_lc_monetary_1              0x08000259   Thumb Code     0  libinit2.o(.ARM.Collect$$libinit$$00000015)
    __rt_lib_init_lc_numeric_2               0x08000259   Thumb Code     0  libinit2.o(.ARM.Collect$$libinit$$00000016)
    __rt_lib_init_alloca_1                   0x08000263   Thumb Code     0  libinit2.o(.ARM.Collect$$libinit$$0000002E)
    __rt_lib_init_argv_1                     0x08000263   Thumb Code     0  libinit2.o(.ARM.Collect$$libinit$$0000002C)
    __rt_lib_init_atexit_1                   0x08000263   Thumb Code     0  libinit2.o(.ARM.Collect$$libinit$$0000001B)
    __rt_lib_init_clock_1                    0x08000263   Thumb Code     0  libinit2.o(.ARM.Collect$$libinit$$00000021)
    __rt_lib_init_cpp_1                      0x08000263   Thumb Code     0  libinit2.o(.ARM.Collect$$libinit$$00000032)
    __rt_lib_init_exceptions_1               0x08000263   Thumb Code     0  libinit2.o(.ARM.Collect$$libinit$$00000030)
    __rt_lib_init_fp_trap_1                  0x08000263   Thumb Code     0  libinit2.o(.ARM.Collect$$libinit$$0000001F)
    __rt_lib_init_getenv_1                   0x08000263   Thumb Code     0  libinit2.o(.ARM.Collect$$libinit$$00000023)
    __rt_lib_init_lc_numeric_1               0x08000263   Thumb Code     0  libinit2.o(.ARM.Collect$$libinit$$00000017)
    __rt_lib_init_lc_time_1                  0x08000263   Thumb Code     0  libinit2.o(.ARM.Collect$$libinit$$00000019)
    __rt_lib_init_return                     0x08000263   Thumb Code     0  libinit2.o(.ARM.Collect$$libinit$$00000033)
    __rt_lib_init_signal_1                   0x08000263   Thumb Code     0  libinit2.o(.ARM.Collect$$libinit$$0000001D)
    __rt_lib_init_stdio_1                    0x08000263   Thumb Code     0  libinit2.o(.ARM.Collect$$libinit$$00000025)
    __rt_lib_shutdown                        0x08000265   Thumb Code     0  libshutdown.o(.ARM.Collect$$libshutdown$$00000000)
    __rt_lib_shutdown_cpp_1                  0x08000267   Thumb Code     0  libshutdown2.o(.ARM.Collect$$libshutdown$$00000004)
    __rt_lib_shutdown_fini_1                 0x08000267   Thumb Code     0  libshutdown2.o(.ARM.Collect$$libshutdown$$00000002)
    __rt_lib_shutdown_fp_trap_1              0x08000267   Thumb Code     0  libshutdown2.o(.ARM.Collect$$libshutdown$$00000009)
    __rt_lib_shutdown_heap_1                 0x08000267   Thumb Code     0  libshutdown2.o(.ARM.Collect$$libshutdown$$00000011)
    __rt_lib_shutdown_return                 0x08000267   Thumb Code     0  libshutdown2.o(.ARM.Collect$$libshutdown$$00000012)
    __rt_lib_shutdown_signal_1               0x08000267   Thumb Code     0  libshutdown2.o(.ARM.Collect$$libshutdown$$0000000C)
    __rt_lib_shutdown_stdio_1                0x08000267   Thumb Code     0  libshutdown2.o(.ARM.Collect$$libshutdown$$00000006)
    __rt_lib_shutdown_user_alloc_1           0x08000267   Thumb Code     0  libshutdown2.o(.ARM.Collect$$libshutdown$$0000000E)
    __rt_entry                               0x08000269   Thumb Code     0  __rtentry.o(.ARM.Collect$$rtentry$$00000000)
    __rt_entry_presh_1                       0x08000269   Thumb Code     0  __rtentry2.o(.ARM.Collect$$rtentry$$00000002)
    __rt_entry_sh                            0x08000269   Thumb Code     0  __rtentry4.o(.ARM.Collect$$rtentry$$00000004)
    __rt_entry_postsh_1                      0x0800026f   Thumb Code     0  __rtentry2.o(.ARM.Collect$$rtentry$$00000008)
    __rt_entry_li                            0x08000277   Thumb Code     0  __rtentry2.o(.ARM.Collect$$rtentry$$0000000A)
    __rt_entry_main                          0x0800027b   Thumb Code     0  __rtentry2.o(.ARM.Collect$$rtentry$$0000000D)
    __rt_entry_postli_1                      0x0800027b   Thumb Code     0  __rtentry2.o(.ARM.Collect$$rtentry$$0000000C)
    __rt_exit                                0x08000283   Thumb Code     0  rtexit.o(.ARM.Collect$$rtexit$$00000000)
    __rt_exit_ls                             0x08000285   Thumb Code     0  rtexit2.o(.ARM.Collect$$rtexit$$00000003)
    __rt_exit_prels_1                        0x08000285   Thumb Code     0  rtexit2.o(.ARM.Collect$$rtexit$$00000002)
    __rt_exit_exit                           0x08000289   Thumb Code     0  rtexit2.o(.ARM.Collect$$rtexit$$00000004)
    Reset_Handler                            0x08000291   Thumb Code     8  startup_stm32l475xx.o(.text)
    NMI_Handler                              0x08000299   Thumb Code     2  startup_stm32l475xx.o(.text)
    HardFault_Handler                        0x0800029b   Thumb Code     2  startup_stm32l475xx.o(.text)
    MemManage_Handler                        0x0800029d   Thumb Code     2  startup_stm32l475xx.o(.text)
    BusFault_Handler                         0x0800029f   Thumb Code     2  startup_stm32l475xx.o(.text)
    UsageFault_Handler                       0x080002a1   Thumb Code     2  startup_stm32l475xx.o(.text)
    DebugMon_Handler                         0x080002a5   Thumb Code     2  startup_stm32l475xx.o(.text)
    ADC1_2_IRQHandler                        0x080002ab   Thumb Code     0  startup_stm32l475xx.o(.text)
    ADC3_IRQHandler                          0x080002ab   Thumb Code     0  startup_stm32l475xx.o(.text)
    CAN1_RX0_IRQHandler                      0x080002ab   Thumb Code     0  startup_stm32l475xx.o(.text)
    CAN1_RX1_IRQHandler                      0x080002ab   Thumb Code     0  startup_stm32l475xx.o(.text)
    CAN1_SCE_IRQHandler                      0x080002ab   Thumb Code     0  startup_stm32l475xx.o(.text)
    CAN1_TX_IRQHandler                       0x080002ab   Thumb Code     0  startup_stm32l475xx.o(.text)
    COMP_IRQHandler                          0x080002ab   Thumb Code     0  startup_stm32l475xx.o(.text)
    DFSDM1_FLT0_IRQHandler                   0x080002ab   Thumb Code     0  startup_stm32l475xx.o(.text)
    DFSDM1_FLT1_IRQHandler                   0x080002ab   Thumb Code     0  startup_stm32l475xx.o(.text)
    DFSDM1_FLT2_IRQHandler                   0x080002ab   Thumb Code     0  startup_stm32l475xx.o(.text)
    DFSDM1_FLT3_IRQHandler                   0x080002ab   Thumb Code     0  startup_stm32l475xx.o(.text)
    DMA1_Channel1_IRQHandler                 0x080002ab   Thumb Code     0  startup_stm32l475xx.o(.text)
    DMA1_Channel2_IRQHandler                 0x080002ab   Thumb Code     0  startup_stm32l475xx.o(.text)
    DMA1_Channel3_IRQHandler                 0x080002ab   Thumb Code     0  startup_stm32l475xx.o(.text)
    DMA1_Channel4_IRQHandler                 0x080002ab   Thumb Code     0  startup_stm32l475xx.o(.text)
    DMA1_Channel5_IRQHandler                 0x080002ab   Thumb Code     0  startup_stm32l475xx.o(.text)
    DMA1_Channel6_IRQHandler                 0x080002ab   Thumb Code     0  startup_stm32l475xx.o(.text)
    DMA1_Channel7_IRQHandler                 0x080002ab   Thumb Code     0  startup_stm32l475xx.o(.text)
    DMA2_Channel1_IRQHandler                 0x080002ab   Thumb Code     0  startup_stm32l475xx.o(.text)
    DMA2_Channel2_IRQHandler                 0x080002ab   Thumb Code     0  startup_stm32l475xx.o(.text)
    DMA2_Channel3_IRQHandler                 0x080002ab   Thumb Code     0  startup_stm32l475xx.o(.text)
    DMA2_Channel4_IRQHandler                 0x080002ab   Thumb Code     0  startup_stm32l475xx.o(.text)
    DMA2_Channel5_IRQHandler                 0x080002ab   Thumb Code     0  startup_stm32l475xx.o(.text)
    DMA2_Channel6_IRQHandler                 0x080002ab   Thumb Code     0  startup_stm32l475xx.o(.text)
    DMA2_Channel7_IRQHandler                 0x080002ab   Thumb Code     0  startup_stm32l475xx.o(.text)
    EXTI0_IRQHandler                         0x080002ab   Thumb Code     0  startup_stm32l475xx.o(.text)
    EXTI15_10_IRQHandler                     0x080002ab   Thumb Code     0  startup_stm32l475xx.o(.text)
    EXTI1_IRQHandler                         0x080002ab   Thumb Code     0  startup_stm32l475xx.o(.text)
    EXTI2_IRQHandler                         0x080002ab   Thumb Code     0  startup_stm32l475xx.o(.text)
    EXTI3_IRQHandler                         0x080002ab   Thumb Code     0  startup_stm32l475xx.o(.text)
    EXTI4_IRQHandler                         0x080002ab   Thumb Code     0  startup_stm32l475xx.o(.text)
    EXTI9_5_IRQHandler                       0x080002ab   Thumb Code     0  startup_stm32l475xx.o(.text)
    FLASH_IRQHandler                         0x080002ab   Thumb Code     0  startup_stm32l475xx.o(.text)
    FMC_IRQHandler                           0x080002ab   Thumb Code     0  startup_stm32l475xx.o(.text)
    FPU_IRQHandler                           0x080002ab   Thumb Code     0  startup_stm32l475xx.o(.text)
    I2C1_ER_IRQHandler                       0x080002ab   Thumb Code     0  startup_stm32l475xx.o(.text)
    I2C1_EV_IRQHandler                       0x080002ab   Thumb Code     0  startup_stm32l475xx.o(.text)
    I2C2_ER_IRQHandler                       0x080002ab   Thumb Code     0  startup_stm32l475xx.o(.text)
    I2C2_EV_IRQHandler                       0x080002ab   Thumb Code     0  startup_stm32l475xx.o(.text)
    I2C3_ER_IRQHandler                       0x080002ab   Thumb Code     0  startup_stm32l475xx.o(.text)
    I2C3_EV_IRQHandler                       0x080002ab   Thumb Code     0  startup_stm32l475xx.o(.text)
    LPTIM1_IRQHandler                        0x080002ab   Thumb Code     0  startup_stm32l475xx.o(.text)
    LPTIM2_IRQHandler                        0x080002ab   Thumb Code     0  startup_stm32l475xx.o(.text)
    LPUART1_IRQHandler                       0x080002ab   Thumb Code     0  startup_stm32l475xx.o(.text)
    OTG_FS_IRQHandler                        0x080002ab   Thumb Code     0  startup_stm32l475xx.o(.text)
    PVD_PVM_IRQHandler                       0x080002ab   Thumb Code     0  startup_stm32l475xx.o(.text)
    QUADSPI_IRQHandler                       0x080002ab   Thumb Code     0  startup_stm32l475xx.o(.text)
    RCC_IRQHandler                           0x080002ab   Thumb Code     0  startup_stm32l475xx.o(.text)
    RNG_IRQHandler                           0x080002ab   Thumb Code     0  startup_stm32l475xx.o(.text)
    RTC_Alarm_IRQHandler                     0x080002ab   Thumb Code     0  startup_stm32l475xx.o(.text)
    RTC_WKUP_IRQHandler                      0x080002ab   Thumb Code     0  startup_stm32l475xx.o(.text)
    SAI1_IRQHandler                          0x080002ab   Thumb Code     0  startup_stm32l475xx.o(.text)
    SAI2_IRQHandler                          0x080002ab   Thumb Code     0  startup_stm32l475xx.o(.text)
    SDMMC1_IRQHandler                        0x080002ab   Thumb Code     0  startup_stm32l475xx.o(.text)
    SPI1_IRQHandler                          0x080002ab   Thumb Code     0  startup_stm32l475xx.o(.text)
    SPI2_IRQHandler                          0x080002ab   Thumb Code     0  startup_stm32l475xx.o(.text)
    SPI3_IRQHandler                          0x080002ab   Thumb Code     0  startup_stm32l475xx.o(.text)
    SWPMI1_IRQHandler                        0x080002ab   Thumb Code     0  startup_stm32l475xx.o(.text)
    TAMP_STAMP_IRQHandler                    0x080002ab   Thumb Code     0  startup_stm32l475xx.o(.text)
    TIM1_BRK_TIM15_IRQHandler                0x080002ab   Thumb Code     0  startup_stm32l475xx.o(.text)
    TIM1_CC_IRQHandler                       0x080002ab   Thumb Code     0  startup_stm32l475xx.o(.text)
    TIM1_TRG_COM_TIM17_IRQHandler            0x080002ab   Thumb Code     0  startup_stm32l475xx.o(.text)
    TIM1_UP_TIM16_IRQHandler                 0x080002ab   Thumb Code     0  startup_stm32l475xx.o(.text)
    TIM2_IRQHandler                          0x080002ab   Thumb Code     0  startup_stm32l475xx.o(.text)
    TIM3_IRQHandler                          0x080002ab   Thumb Code     0  startup_stm32l475xx.o(.text)
    TIM4_IRQHandler                          0x080002ab   Thumb Code     0  startup_stm32l475xx.o(.text)
    TIM5_IRQHandler                          0x080002ab   Thumb Code     0  startup_stm32l475xx.o(.text)
    TIM6_DAC_IRQHandler                      0x080002ab   Thumb Code     0  startup_stm32l475xx.o(.text)
    TIM7_IRQHandler                          0x080002ab   Thumb Code     0  startup_stm32l475xx.o(.text)
    TIM8_BRK_IRQHandler                      0x080002ab   Thumb Code     0  startup_stm32l475xx.o(.text)
    TIM8_CC_IRQHandler                       0x080002ab   Thumb Code     0  startup_stm32l475xx.o(.text)
    TIM8_TRG_COM_IRQHandler                  0x080002ab   Thumb Code     0  startup_stm32l475xx.o(.text)
    TIM8_UP_IRQHandler                       0x080002ab   Thumb Code     0  startup_stm32l475xx.o(.text)
    TSC_IRQHandler                           0x080002ab   Thumb Code     0  startup_stm32l475xx.o(.text)
    UART4_IRQHandler                         0x080002ab   Thumb Code     0  startup_stm32l475xx.o(.text)
    UART5_IRQHandler                         0x080002ab   Thumb Code     0  startup_stm32l475xx.o(.text)
    USART2_IRQHandler                        0x080002ab   Thumb Code     0  startup_stm32l475xx.o(.text)
    USART3_IRQHandler                        0x080002ab   Thumb Code     0  startup_stm32l475xx.o(.text)
    WWDG_IRQHandler                          0x080002ab   Thumb Code     0  startup_stm32l475xx.o(.text)
    __user_initial_stackheap                 0x080002ad   Thumb Code     0  startup_stm32l475xx.o(.text)
    SVC_Handler                              0x080002d1   Thumb Code   154  irq_armv7m.o(.text)
    PendSV_Handler                           0x0800036b   Thumb Code    16  irq_armv7m.o(.text)
    SysTick_Handler                          0x0800037b   Thumb Code    16  irq_armv7m.o(.text)
    __aeabi_uldivmod                         0x080003a5   Thumb Code     0  lludivv7m.o(.text)
    _ll_udiv                                 0x080003a5   Thumb Code   238  lludivv7m.o(.text)
    __2printf                                0x08000495   Thumb Code    20  noretval__2printf.o(.text)
    __2sprintf                               0x080004ad   Thumb Code    34  noretval__2sprintf.o(.text)
    _printf_pre_padding                      0x080004d5   Thumb Code    44  _printf_pad.o(.text)
    _printf_post_padding                     0x08000501   Thumb Code    34  _printf_pad.o(.text)
    _printf_int_dec                          0x08000525   Thumb Code   104  _printf_dec.o(.text)
    __printf                                 0x0800059d   Thumb Code   308  __printf_flags_wp.o(.text)
    strcpy                                   0x080006db   Thumb Code    72  strcpy.o(.text)
    __aeabi_memcpy                           0x08000723   Thumb Code     0  rt_memcpy_v6.o(.text)
    __rt_memcpy                              0x08000723   Thumb Code   138  rt_memcpy_v6.o(.text)
    _memcpy_lastbytes                        0x08000789   Thumb Code     0  rt_memcpy_v6.o(.text)
    __aeabi_memcpy4                          0x080007ad   Thumb Code     0  rt_memcpy_w.o(.text)
    __aeabi_memcpy8                          0x080007ad   Thumb Code     0  rt_memcpy_w.o(.text)
    __rt_memcpy_w                            0x080007ad   Thumb Code   100  rt_memcpy_w.o(.text)
    _memcpy_lastbytes_aligned                0x080007f5   Thumb Code     0  rt_memcpy_w.o(.text)
    __aeabi_memclr                           0x08000811   Thumb Code     0  rt_memclr.o(.text)
    __rt_memclr                              0x08000811   Thumb Code    68  rt_memclr.o(.text)
    _memset                                  0x08000815   Thumb Code     0  rt_memclr.o(.text)
    __aeabi_memclr4                          0x08000855   Thumb Code     0  rt_memclr_w.o(.text)
    __aeabi_memclr8                          0x08000855   Thumb Code     0  rt_memclr_w.o(.text)
    __rt_memclr_w                            0x08000855   Thumb Code    78  rt_memclr_w.o(.text)
    _memset_w                                0x08000859   Thumb Code     0  rt_memclr_w.o(.text)
    strcmp                                   0x080008a5   Thumb Code   128  strcmpv7m.o(.text)
    __use_two_region_memory                  0x08000925   Thumb Code     2  heapauxi.o(.text)
    __rt_heap_escrow$2region                 0x08000927   Thumb Code     2  heapauxi.o(.text)
    __rt_heap_expand$2region                 0x08000929   Thumb Code     2  heapauxi.o(.text)
    _printf_int_common                       0x0800092b   Thumb Code   178  _printf_intcommon.o(.text)
    __lib_sel_fp_printf                      0x080009dd   Thumb Code     2  _printf_fp_dec.o(.text)
    _printf_fp_dec_real                      0x08000b8f   Thumb Code   620  _printf_fp_dec.o(.text)
    _printf_char_common                      0x08000e0b   Thumb Code    32  _printf_char_common.o(.text)
    _sputc                                   0x08000e31   Thumb Code    10  _sputc.o(.text)
    _printf_char_file                        0x08000e3d   Thumb Code    32  _printf_char_file.o(.text)
    __rt_locale                              0x08000e61   Thumb Code    10  rt_locale_twolibspace.o(.text)
    _ll_udiv10                               0x08000e6b   Thumb Code   138  lludiv10.o(.text)
    _printf_fp_infnan                        0x08000ef5   Thumb Code   112  _printf_fp_infnan.o(.text)
    _btod_etento                             0x08000f75   Thumb Code   224  bigflt0.o(.text)
    ferror                                   0x08001059   Thumb Code    30  ferror_locked.o(.text)
    __user_libspace                          0x08001079   Thumb Code     8  libspace.o(.text)
    __user_perproc_libspace                  0x08001079   Thumb Code     0  libspace.o(.text)
    __user_setup_stackheap                   0x08001081   Thumb Code    74  sys_stackheap_outer.o(.text)
    exit                                     0x080010cb   Thumb Code    18  exit.o(.text)
    OS_Tick_AcknowledgeIRQ                   0x08001191   Thumb Code     8  os_systick.o(.text.OS_Tick_AcknowledgeIRQ)
    OS_Tick_Enable                           0x0800119d   Thumb Code    32  os_systick.o(.text.OS_Tick_Enable)
    OS_Tick_GetIRQn                          0x080011c9   Thumb Code     6  os_systick.o(.text.OS_Tick_GetIRQn)
    OS_Tick_Setup                            0x080011d1   Thumb Code    48  os_systick.o(.text.OS_Tick_Setup)
    osDelay                                  0x08001309   Thumb Code    32  rtx_delay.o(.text.osDelay)
    osKernelGetState                         0x0800132d   Thumb Code    40  rtx_kernel.o(.text.osKernelGetState)
    osKernelInitialize                       0x0800135d   Thumb Code    40  rtx_kernel.o(.text.osKernelInitialize)
    osKernelStart                            0x08001389   Thumb Code    32  rtx_kernel.o(.text.osKernelStart)
    osMessageQueueGet                        0x080013ad   Thumb Code   108  rtx_msgqueue.o(.text.osMessageQueueGet)
    osMessageQueuePut                        0x0800141d   Thumb Code   124  rtx_msgqueue.o(.text.osMessageQueuePut)
    osMutexAcquire                           0x0800149d   Thumb Code    32  rtx_mutex.o(.text.osMutexAcquire)
    osMutexDelete                            0x080014c1   Thumb Code    32  rtx_mutex.o(.text.osMutexDelete)
    osMutexNew                               0x080014e5   Thumb Code    32  rtx_mutex.o(.text.osMutexNew)
    osMutexRelease                           0x08001509   Thumb Code    32  rtx_mutex.o(.text.osMutexRelease)
    osRtxKernelErrorNotify                   0x0800152d   Thumb Code     4  rtx_kernel.o(.text.osRtxKernelErrorNotify)
    osRtxKernelPreInit                       0x08001531   Thumb Code     2  rtx_kernel.o(.text.osRtxKernelPreInit)
    osRtxMemoryAlloc                         0x08001533   Thumb Code   108  rtx_memory.o(.text.osRtxMemoryAlloc)
    osRtxMemoryFree                          0x0800159f   Thumb Code    66  rtx_memory.o(.text.osRtxMemoryFree)
    osRtxMemoryInit                          0x080015e1   Thumb Code    54  rtx_memory.o(.text.osRtxMemoryInit)
    osRtxMemoryPoolAlloc                     0x08001617   Thumb Code    58  rtx_mempool.o(.text.osRtxMemoryPoolAlloc)
    osRtxMemoryPoolFree                      0x08001651   Thumb Code    74  rtx_mempool.o(.text.osRtxMemoryPoolFree)
    osRtxMemoryPoolInit                      0x0800169b   Thumb Code    56  rtx_mempool.o(.text.osRtxMemoryPoolInit)
    osRtxMessageQueueTimerSetup              0x0800177d   Thumb Code    32  rtx_msgqueue.o(.text.osRtxMessageQueueTimerSetup)
    osRtxMutexOwnerRelease                   0x080017a5   Thumb Code    72  rtx_mutex.o(.text.osRtxMutexOwnerRelease)
    osRtxMutexOwnerRestore                   0x080017ed   Thumb Code    66  rtx_mutex.o(.text.osRtxMutexOwnerRestore)
    osRtxPendSV_Handler                      0x08001831   Thumb Code   136  rtx_system.o(.text.osRtxPendSV_Handler)
    osRtxPostProcess                         0x080018bd   Thumb Code   108  rtx_system.o(.text.osRtxPostProcess)
    osRtxThreadDelayTick                     0x08001a61   Thumb Code    72  rtx_thread.o(.text.osRtxThreadDelayTick)
    osRtxThreadDispatch                      0x08001ad1   Thumb Code    80  rtx_thread.o(.text.osRtxThreadDispatch)
    osRtxThreadListGet                       0x08001b9b   Thumb Code    18  rtx_thread.o(.text.osRtxThreadListGet)
    osRtxThreadListPut                       0x08001bad   Thumb Code    44  rtx_thread.o(.text.osRtxThreadListPut)
    osRtxThreadListRemove                    0x08001bd9   Thumb Code    20  rtx_thread.o(.text.osRtxThreadListRemove)
    osRtxThreadListSort                      0x08001bf9   Thumb Code    38  rtx_thread.o(.text.osRtxThreadListSort)
    osRtxThreadReadyPut                      0x08001c49   Thumb Code    16  rtx_thread.o(.text.osRtxThreadReadyPut)
    osRtxThreadRegPtr                        0x08001c5d   Thumb Code    20  rtx_thread.o(.text.osRtxThreadRegPtr)
    osRtxThreadStartup                       0x08001c71   Thumb Code    48  rtx_thread.o(.text.osRtxThreadStartup)
    osRtxThreadSwitch                        0x08001cad   Thumb Code    12  rtx_thread.o(.text.osRtxThreadSwitch)
    osRtxThreadWaitEnter                     0x08001cbd   Thumb Code    56  rtx_thread.o(.text.osRtxThreadWaitEnter)
    osRtxThreadWaitExit                      0x08001cf9   Thumb Code    48  rtx_thread.o(.text.osRtxThreadWaitExit)
    osRtxTick_Handler                        0x08001d29   Thumb Code   116  rtx_system.o(.text.osRtxTick_Handler)
    osRtxTimerSetup                          0x08001da1   Thumb Code    24  rtx_timer.o(.text.osRtxTimerSetup)
    osRtxTimerThread                         0x08001dc1   Thumb Code    32  rtx_timer.o(.text.osRtxTimerThread)
    osSemaphoreAcquire                       0x08001e51   Thumb Code    80  rtx_semaphore.o(.text.osSemaphoreAcquire)
    osSemaphoreNew                           0x08001ea5   Thumb Code    32  rtx_semaphore.o(.text.osSemaphoreNew)
    osSemaphoreRelease                       0x08001ec9   Thumb Code    72  rtx_semaphore.o(.text.osSemaphoreRelease)
    osThreadExit                             0x08001f15   Thumb Code     8  rtx_thread.o(.text.osThreadExit)
    osThreadNew                              0x08001f21   Thumb Code    32  rtx_thread.o(.text.osThreadNew)
    _btod_d2e                                0x08002943   Thumb Code    62  btod.o(CL$$btod_d2e)
    _d2e_denorm_low                          0x08002981   Thumb Code    70  btod.o(CL$$btod_d2e_denorm_low)
    _d2e_norm_op1                            0x080029c7   Thumb Code    96  btod.o(CL$$btod_d2e_norm_op1)
    __btod_div_common                        0x08002a27   Thumb Code   696  btod.o(CL$$btod_div_common)
    _e2e                                     0x08002d5f   Thumb Code   220  btod.o(CL$$btod_e2e)
    _btod_ediv                               0x08002e3b   Thumb Code    42  btod.o(CL$$btod_ediv)
    _btod_emul                               0x08002e65   Thumb Code    42  btod.o(CL$$btod_emul)
    __btod_mult_common                       0x08002e8f   Thumb Code   580  btod.o(CL$$btod_mult_common)
    AHT10_Init                               0x080030d3   Thumb Code    78  aht10.o(i.AHT10_Init)
    AHT10_Read_Data                          0x08003121   Thumb Code    74  aht10.o(i.AHT10_Read_Data)
    AHT10_Read_Humidity                      0x0800316d   Thumb Code   138  aht10.o(i.AHT10_Read_Humidity)
    AHT10_Read_Temperature                   0x08003209   Thumb Code   152  aht10.o(i.AHT10_Read_Temperature)
    AHT10_Write_Data                         0x080032c5   Thumb Code    76  aht10.o(i.AHT10_Write_Data)
    BEEP                                     0x08003311   Thumb Code    30  beep.o(i.BEEP)
    BEEP_Init                                0x08003335   Thumb Code    68  beep.o(i.BEEP_Init)
    DEVICE_Init                              0x08003381   Thumb Code    16  device.o(i.DEVICE_Init)
    HAL_GPIO_Init                            0x08003391   Thumb Code   480  stm32l4xx_hal_gpio.o(i.HAL_GPIO_Init)
    HAL_GPIO_ReadPin                         0x08003595   Thumb Code    16  stm32l4xx_hal_gpio.o(i.HAL_GPIO_ReadPin)
    HAL_GPIO_WritePin                        0x080035a5   Thumb Code    10  stm32l4xx_hal_gpio.o(i.HAL_GPIO_WritePin)
    HAL_GetTick                              0x080035b1   Thumb Code     6  stm32l4xx_hal.o(i.HAL_GetTick)
    HAL_Init                                 0x080035bd   Thumb Code    30  stm32l4xx_hal.o(i.HAL_Init)
    HAL_InitTick                             0x080035dd   Thumb Code    44  stm32l4xx_hal.o(i.HAL_InitTick)
    HAL_MspInit                              0x0800360d   Thumb Code     2  stm32l4xx_hal_msp.o(i.HAL_MspInit)
    HAL_NVIC_EnableIRQ                       0x0800360f   Thumb Code    26  stm32l4xx_hal_cortex.o(i.HAL_NVIC_EnableIRQ)
    HAL_NVIC_SetPriority                     0x08003629   Thumb Code   124  stm32l4xx_hal_cortex.o(i.HAL_NVIC_SetPriority)
    HAL_NVIC_SetPriorityGrouping             0x080036ad   Thumb Code    32  stm32l4xx_hal_cortex.o(i.HAL_NVIC_SetPriorityGrouping)
    HAL_RCC_GetHCLKFreq                      0x080036d5   Thumb Code     6  stm32l4xx_hal_rcc.o(i.HAL_RCC_GetHCLKFreq)
    HAL_RCC_GetPCLK1Freq                     0x080036e1   Thumb Code    26  stm32l4xx_hal_rcc.o(i.HAL_RCC_GetPCLK1Freq)
    HAL_RCC_GetPCLK2Freq                     0x08003705   Thumb Code    26  stm32l4xx_hal_rcc.o(i.HAL_RCC_GetPCLK2Freq)
    HAL_RCC_GetSysClockFreq                  0x08003729   Thumb Code   266  stm32l4xx_hal_rcc.o(i.HAL_RCC_GetSysClockFreq)
    HAL_SPI_Init                             0x08003845   Thumb Code   230  stm32l4xx_hal_spi.o(i.HAL_SPI_Init)
    HAL_SPI_MspInit                          0x0800392d   Thumb Code   196  spi3.o(i.HAL_SPI_MspInit)
    HAL_SPI_Transmit                         0x08003a01   Thumb Code   534  stm32l4xx_hal_spi.o(i.HAL_SPI_Transmit)
    HAL_SYSTICK_Config                       0x08003c1d   Thumb Code    52  stm32l4xx_hal_cortex.o(i.HAL_SYSTICK_Config)
    HAL_UART_Init                            0x08003c51   Thumb Code   120  stm32l4xx_hal_uart.o(i.HAL_UART_Init)
    HAL_UART_MspInit                         0x08003cc9   Thumb Code   118  uart.o(i.HAL_UART_MspInit)
    HAL_UART_Receive                         0x08003d49   Thumb Code   272  stm32l4xx_hal_uart.o(i.HAL_UART_Receive)
    IIC_Ack                                  0x08003e61   Thumb Code    74  iic.o(i.IIC_Ack)
    IIC_Delay                                0x08003eb5   Thumb Code    10  iic.o(i.IIC_Delay)
    IIC_Init                                 0x08003ec1   Thumb Code   126  iic.o(i.IIC_Init)
    IIC_NAck                                 0x08003f4d   Thumb Code    74  iic.o(i.IIC_NAck)
    IIC_Read_Byte                            0x08003fa1   Thumb Code    98  iic.o(i.IIC_Read_Byte)
    IIC_Send_Byte                            0x0800400d   Thumb Code   108  iic.o(i.IIC_Send_Byte)
    IIC_Start                                0x08004081   Thumb Code    74  iic.o(i.IIC_Start)
    IIC_Stop                                 0x080040d5   Thumb Code    74  iic.o(i.IIC_Stop)
    IIC_Wait_Ack                             0x08004129   Thumb Code    96  iic.o(i.IIC_Wait_Ack)
    KEY_Init                                 0x08004191   Thumb Code   114  key.o(i.KEY_Init)
    KEY_Scan                                 0x08004211   Thumb Code   196  key.o(i.KEY_Scan)
    LCD_Address_Set                          0x080042e1   Thumb Code    82  lcd.o(i.LCD_Address_Set)
    LCD_Clear                                0x08004335   Thumb Code   104  lcd.o(i.LCD_Clear)
    LCD_Init                                 0x08004459   Thumb Code   410  lcd.o(i.LCD_Init)
    LCD_ShowChar                             0x08004645   Thumb Code   502  lcd.o(i.LCD_ShowChar)
    LCD_ShowString                           0x0800485b   Thumb Code    98  lcd.o(i.LCD_ShowString)
    LCD_Write_HalfWord                       0x080048f5   Thumb Code    40  lcd.o(i.LCD_Write_HalfWord)
    LED_Init                                 0x08004921   Thumb Code    72  led.o(i.LED_Init)
    OnBoard_DEVICE_Init                      0x080049a9   Thumb Code    24  device.o(i.OnBoard_DEVICE_Init)
    OnChip_DEVICE_Init                       0x080049c1   Thumb Code    20  device.o(i.OnChip_DEVICE_Init)
    SPI3_Init                                0x080049d5   Thumb Code    74  spi3.o(i.SPI3_Init)
    SPI3_WriteByte                           0x08004a29   Thumb Code    22  spi3.o(i.SPI3_WriteByte)
    SystemInit                               0x08004bfd   Thumb Code    68  system_stm32l4xx.o(i.SystemInit)
    UART1_Get_Data                           0x08004c4d   Thumb Code    26  uart.o(i.UART1_Get_Data)
    UART1_Init                               0x08004c71   Thumb Code    80  uart.o(i.UART1_Init)
    UART_AdvFeatureConfig                    0x08004ccd   Thumb Code   248  stm32l4xx_hal_uart.o(i.UART_AdvFeatureConfig)
    UART_CheckIdleState                      0x08004dc5   Thumb Code   116  stm32l4xx_hal_uart.o(i.UART_CheckIdleState)
    UART_SetConfig                           0x08004e39   Thumb Code  1158  stm32l4xx_hal_uart.o(i.UART_SetConfig)
    UART_WaitOnFlagUntilTimeout              0x080052cb   Thumb Code   108  stm32l4xx_hal_uart.o(i.UART_WaitOnFlagUntilTimeout)
    USART1_IRQHandler                        0x08005339   Thumb Code   124  uart.o(i.USART1_IRQHandler)
    __ARM_fpclassify                         0x080053cd   Thumb Code    48  fpclassify.o(i.__ARM_fpclassify)
    _is_digit                                0x080053fd   Thumb Code    14  __printf_wp.o(i._is_digit)
    _mutex_acquire                           0x0800540b   Thumb Code    22  rtx_lib.o(i._mutex_acquire)
    _mutex_free                              0x08005421   Thumb Code    12  rtx_lib.o(i._mutex_free)
    _mutex_initialize                        0x0800542d   Thumb Code    34  rtx_lib.o(i._mutex_initialize)
    _mutex_release                           0x0800544f   Thumb Code    18  rtx_lib.o(i._mutex_release)
    _platform_post_stackheap_init            0x08005461   Thumb Code     8  rtx_lib.o(i._platform_post_stackheap_init)
    _sys_exit                                0x08005469   Thumb Code     4  uart.o(i._sys_exit)
    aht10_thread                             0x0800546d   Thumb Code    30  aht10_thread.o(i.aht10_thread)
    beep_thread                              0x08005495   Thumb Code    80  beep_thread.o(i.beep_thread)
    fputc                                    0x080054f5   Thumb Code    24  uart.o(i.fputc)
    lcd_thread                               0x08005511   Thumb Code   182  lcd_thread.o(i.lcd_thread)
    main                                     0x080055f1   Thumb Code    28  main.o(i.main)
    osRtxErrorNotify                         0x08005615   Thumb Code    32  rtx_config.o(i.osRtxErrorNotify)
    osRtxIdleThread                          0x08005635   Thumb Code     4  rtx_config.o(i.osRtxIdleThread)
    start_thread                             0x08005659   Thumb Code    66  start_thread.o(i.start_thread)
    uart_thread                              0x080056bd   Thumb Code    90  uart_thread.o(i.uart_thread)
    _get_lc_numeric                          0x08005759   Thumb Code    44  lc_numeric_c.o(locale$$code)
    __aeabi_d2f                              0x08005785   Thumb Code     0  d2f.o(x$fpl$d2f)
    _d2f                                     0x08005785   Thumb Code    98  d2f.o(x$fpl$d2f)
    __aeabi_dadd                             0x080057e9   Thumb Code     0  daddsub_clz.o(x$fpl$dadd)
    _dadd                                    0x080057e9   Thumb Code   332  daddsub_clz.o(x$fpl$dadd)
    __aeabi_ddiv                             0x08005939   Thumb Code     0  ddiv.o(x$fpl$ddiv)
    _ddiv                                    0x08005939   Thumb Code   552  ddiv.o(x$fpl$ddiv)
    __aeabi_i2d                              0x08005be9   Thumb Code     0  dflt_clz.o(x$fpl$dflt)
    _dflt                                    0x08005be9   Thumb Code    46  dflt_clz.o(x$fpl$dflt)
    __aeabi_dmul                             0x08005c19   Thumb Code     0  dmul.o(x$fpl$dmul)
    _dmul                                    0x08005c19   Thumb Code   332  dmul.o(x$fpl$dmul)
    __fpl_dnaninf                            0x08005d6d   Thumb Code   156  dnaninf.o(x$fpl$dnaninf)
    __fpl_dretinf                            0x08005e09   Thumb Code    12  dretinf.o(x$fpl$dretinf)
    __aeabi_dsub                             0x08005e15   Thumb Code     0  daddsub_clz.o(x$fpl$dsub)
    _dsub                                    0x08005e15   Thumb Code   464  daddsub_clz.o(x$fpl$dsub)
    __aeabi_f2d                              0x08005fe9   Thumb Code     0  f2d.o(x$fpl$f2d)
    _f2d                                     0x08005fe9   Thumb Code    86  f2d.o(x$fpl$f2d)
    __fpl_fnaninf                            0x0800603f   Thumb Code   140  fnaninf.o(x$fpl$fnaninf)
    _fp_init                                 0x080060cb   Thumb Code    10  fpinit.o(x$fpl$fpinit)
    __fplib_config_fpu_vfp                   0x080060d3   Thumb Code     0  fpinit.o(x$fpl$fpinit)
    __fplib_config_pureend_doubles           0x080060d3   Thumb Code     0  fpinit.o(x$fpl$fpinit)
    __fpl_fretinf                            0x080060d5   Thumb Code    10  fretinf.o(x$fpl$fretinf)
    _printf_fp_dec                           0x080060df   Thumb Code     4  printf1.o(x$fpl$printf1)
    ALIENTEK_LOGO                            0x080060e2   Data       39360  lcd.o(.constdata)
    __I$use$fp                               0x080060e2   Number         0  usenofp.o(x$fpl$usenofp)
    asc2_1206                                0x0800faa2   Data        1140  lcd.o(.constdata)
    asc2_1608                                0x0800ff16   Data        1520  lcd.o(.constdata)
    asc2_2412                                0x08010506   Data        4560  lcd.o(.constdata)
    asc2_3216                                0x080116d6   Data       12160  lcd.o(.constdata)
    irqRtxLibRef                             0x080146b8   Data           4  rtx_lib.o(.constdata)
    osRtxUserSVC                             0x080146bc   Data           4  rtx_lib.o(.constdata)
    AHBPrescTable                            0x080146c0   Data          16  system_stm32l4xx.o(.constdata)
    APBPrescTable                            0x080146d0   Data           8  system_stm32l4xx.o(.constdata)
    MSIRangeTable                            0x080146d8   Data          48  system_stm32l4xx.o(.constdata)
    osRtxConfig                              0x080147b0   Data         112  rtx_lib.o(.rodata)
    os_cb_sections                           0x08014820   Data          56  rtx_lib.o(.rodata)
    irqRtxLib                                0x08014858   Number         0  irq_armv7m.o(.rodata)
    Region$$Table$$Base                      0x08014868   Number         0  anon$$obj.o(Region$$Table)
    Region$$Table$$Limit                     0x08014888   Number         0  anon$$obj.o(Region$$Table)
    .bss.os.msgqueue.cb$$Base                0x20008040   Number         0  rtx_lib.o(.bss.os.msgqueue.cb)
    .bss.os.msgqueue.cb$$Limit               0x20008074   Number         0  rtx_lib.o(.bss.os.msgqueue.cb)
    .bss.os.thread.cb$$Base                  0x200080c4   Number         0  rtx_lib.o(.bss.os.thread.cb)
    .bss.os.thread.cb$$Limit                 0x2000814c   Number         0  rtx_lib.o(.bss.os.thread.cb)
    start_t                                  0x20008550   Data           4  start_thread.o(.data)
    temperature                              0x20008554   Data           4  aht10_thread.o(.data)
    humidity                                 0x20008558   Data           4  aht10_thread.o(.data)
    aht10_thread_id                          0x2000855c   Data           4  aht10_thread.o(.data)
    lcd_thread_id                            0x20008560   Data           4  lcd_thread.o(.data)
    beep_thread_id                           0x20008564   Data           4  beep_thread.o(.data)
    uart_thread_id                           0x20008568   Data           4  uart_thread.o(.data)
    uwTick                                   0x2000856c   Data           4  stm32l4xx_hal.o(.data)
    POINT_COLOR                              0x20008572   Data           2  lcd.o(.data)
    BACK_COLOR                               0x20008574   Data           2  lcd.o(.data)
    __stdout                                 0x20008578   Data           4  uart.o(.data)
    UART1_Sem                                0x2000857c   Data           4  uart.o(.data)
    ch                                       0x20008580   Data           1  uart.o(.data)
    buffer_index                             0x20008584   Data           4  uart.o(.data)
    end_flag                                 0x20008588   Data           4  uart.o(.data)
    SystemCoreClock                          0x20008590   Data           4  system_stm32l4xx.o(.data)
    osRtxInfo                                0x20008594   Data         164  rtx_kernel.o(.data.os)
    SPI3_Handler                             0x20008ab8   Data         100  spi3.o(.bss)
    UART1_Handler                            0x20008b1c   Data         120  uart.o(.bss)
    buffer                                   0x20008b94   Data         200  uart.o(.bss)
    __libspace_start                         0x20008c5c   Data          96  libspace.o(.bss)
    __temporary_stack_top$libspace           0x20008cbc   Data           0  libspace.o(.bss)



==============================================================================

Memory Map of the image

  Image Entry point : 0x08000189

  Load Region LR_IROM1 (Base: 0x08000000, Size: 0x0001cedc, Max: 0x00080000, ABSOLUTE, COMPRESSED[0x000149c4])

    Execution Region ER_IROM1 (Exec base: 0x08000000, Load base: 0x08000000, Size: 0x000148a4, Max: 0x00080000, ABSOLUTE)

    Exec Addr    Load Addr    Size         Type   Attr      Idx    E Section Name        Object

    0x08000000   0x08000000   0x00000188   Data   RO        11806    RESET               startup_stm32l475xx.o
    0x08000188   0x08000188   0x00000008   Code   RO        12425  * !!!main             c_w.l(__main.o)
    0x08000190   0x08000190   0x00000034   Code   RO        12685    !!!scatter          c_w.l(__scatter.o)
    0x080001c4   0x080001c4   0x0000005a   Code   RO        12683    !!dczerorl2         c_w.l(__dczerorl2.o)
    0x0800021e   0x0800021e   0x00000002   PAD
    0x08000220   0x08000220   0x0000001c   Code   RO        12687    !!handler_zi        c_w.l(__scatter_zi.o)
    0x0800023c   0x0800023c   0x00000000   Code   RO        12410    .ARM.Collect$$_printf_percent$$00000000  c_w.l(_printf_percent.o)
    0x0800023c   0x0800023c   0x00000006   Code   RO        12409    .ARM.Collect$$_printf_percent$$00000003  c_w.l(_printf_f.o)
    0x08000242   0x08000242   0x00000006   Code   RO        12408    .ARM.Collect$$_printf_percent$$00000009  c_w.l(_printf_d.o)
    0x08000248   0x08000248   0x00000004   Code   RO        12466    .ARM.Collect$$_printf_percent$$00000017  c_w.l(_printf_percent_end.o)
    0x0800024c   0x0800024c   0x00000002   Code   RO        12556    .ARM.Collect$$libinit$$00000000  c_w.l(libinit.o)
    0x0800024e   0x0800024e   0x00000004   Code   RO        12557    .ARM.Collect$$libinit$$00000001  c_w.l(libinit2.o)
    0x08000252   0x08000252   0x00000000   Code   RO        12560    .ARM.Collect$$libinit$$00000004  c_w.l(libinit2.o)
    0x08000252   0x08000252   0x00000000   Code   RO        12563    .ARM.Collect$$libinit$$0000000A  c_w.l(libinit2.o)
    0x08000252   0x08000252   0x00000000   Code   RO        12565    .ARM.Collect$$libinit$$0000000C  c_w.l(libinit2.o)
    0x08000252   0x08000252   0x00000000   Code   RO        12567    .ARM.Collect$$libinit$$0000000E  c_w.l(libinit2.o)
    0x08000252   0x08000252   0x00000006   Code   RO        12568    .ARM.Collect$$libinit$$0000000F  c_w.l(libinit2.o)
    0x08000258   0x08000258   0x00000000   Code   RO        12570    .ARM.Collect$$libinit$$00000011  c_w.l(libinit2.o)
    0x08000258   0x08000258   0x00000000   Code   RO        12572    .ARM.Collect$$libinit$$00000013  c_w.l(libinit2.o)
    0x08000258   0x08000258   0x00000000   Code   RO        12574    .ARM.Collect$$libinit$$00000015  c_w.l(libinit2.o)
    0x08000258   0x08000258   0x0000000a   Code   RO        12575    .ARM.Collect$$libinit$$00000016  c_w.l(libinit2.o)
    0x08000262   0x08000262   0x00000000   Code   RO        12576    .ARM.Collect$$libinit$$00000017  c_w.l(libinit2.o)
    0x08000262   0x08000262   0x00000000   Code   RO        12578    .ARM.Collect$$libinit$$00000019  c_w.l(libinit2.o)
    0x08000262   0x08000262   0x00000000   Code   RO        12580    .ARM.Collect$$libinit$$0000001B  c_w.l(libinit2.o)
    0x08000262   0x08000262   0x00000000   Code   RO        12582    .ARM.Collect$$libinit$$0000001D  c_w.l(libinit2.o)
    0x08000262   0x08000262   0x00000000   Code   RO        12584    .ARM.Collect$$libinit$$0000001F  c_w.l(libinit2.o)
    0x08000262   0x08000262   0x00000000   Code   RO        12586    .ARM.Collect$$libinit$$00000021  c_w.l(libinit2.o)
    0x08000262   0x08000262   0x00000000   Code   RO        12588    .ARM.Collect$$libinit$$00000023  c_w.l(libinit2.o)
    0x08000262   0x08000262   0x00000000   Code   RO        12590    .ARM.Collect$$libinit$$00000025  c_w.l(libinit2.o)
    0x08000262   0x08000262   0x00000000   Code   RO        12594    .ARM.Collect$$libinit$$0000002C  c_w.l(libinit2.o)
    0x08000262   0x08000262   0x00000000   Code   RO        12596    .ARM.Collect$$libinit$$0000002E  c_w.l(libinit2.o)
    0x08000262   0x08000262   0x00000000   Code   RO        12598    .ARM.Collect$$libinit$$00000030  c_w.l(libinit2.o)
    0x08000262   0x08000262   0x00000000   Code   RO        12600    .ARM.Collect$$libinit$$00000032  c_w.l(libinit2.o)
    0x08000262   0x08000262   0x00000002   Code   RO        12601    .ARM.Collect$$libinit$$00000033  c_w.l(libinit2.o)
    0x08000264   0x08000264   0x00000002   Code   RO        12643    .ARM.Collect$$libshutdown$$00000000  c_w.l(libshutdown.o)
    0x08000266   0x08000266   0x00000000   Code   RO        12664    .ARM.Collect$$libshutdown$$00000002  c_w.l(libshutdown2.o)
    0x08000266   0x08000266   0x00000000   Code   RO        12666    .ARM.Collect$$libshutdown$$00000004  c_w.l(libshutdown2.o)
    0x08000266   0x08000266   0x00000000   Code   RO        12668    .ARM.Collect$$libshutdown$$00000006  c_w.l(libshutdown2.o)
    0x08000266   0x08000266   0x00000000   Code   RO        12671    .ARM.Collect$$libshutdown$$00000009  c_w.l(libshutdown2.o)
    0x08000266   0x08000266   0x00000000   Code   RO        12674    .ARM.Collect$$libshutdown$$0000000C  c_w.l(libshutdown2.o)
    0x08000266   0x08000266   0x00000000   Code   RO        12676    .ARM.Collect$$libshutdown$$0000000E  c_w.l(libshutdown2.o)
    0x08000266   0x08000266   0x00000000   Code   RO        12679    .ARM.Collect$$libshutdown$$00000011  c_w.l(libshutdown2.o)
    0x08000266   0x08000266   0x00000002   Code   RO        12680    .ARM.Collect$$libshutdown$$00000012  c_w.l(libshutdown2.o)
    0x08000268   0x08000268   0x00000000   Code   RO        12451    .ARM.Collect$$rtentry$$00000000  c_w.l(__rtentry.o)
    0x08000268   0x08000268   0x00000000   Code   RO        12477    .ARM.Collect$$rtentry$$00000002  c_w.l(__rtentry2.o)
    0x08000268   0x08000268   0x00000006   Code   RO        12489    .ARM.Collect$$rtentry$$00000004  c_w.l(__rtentry4.o)
    0x0800026e   0x0800026e   0x00000008   Code   RO        12478    .ARM.Collect$$rtentry$$00000008  c_w.l(__rtentry2.o)
    0x08000276   0x08000276   0x00000004   Code   RO        12480    .ARM.Collect$$rtentry$$0000000A  c_w.l(__rtentry2.o)
    0x0800027a   0x0800027a   0x00000000   Code   RO        12482    .ARM.Collect$$rtentry$$0000000C  c_w.l(__rtentry2.o)
    0x0800027a   0x0800027a   0x00000008   Code   RO        12483    .ARM.Collect$$rtentry$$0000000D  c_w.l(__rtentry2.o)
    0x08000282   0x08000282   0x00000002   Code   RO        12602    .ARM.Collect$$rtexit$$00000000  c_w.l(rtexit.o)
    0x08000284   0x08000284   0x00000000   Code   RO        12615    .ARM.Collect$$rtexit$$00000002  c_w.l(rtexit2.o)
    0x08000284   0x08000284   0x00000004   Code   RO        12616    .ARM.Collect$$rtexit$$00000003  c_w.l(rtexit2.o)
    0x08000288   0x08000288   0x00000006   Code   RO        12617    .ARM.Collect$$rtexit$$00000004  c_w.l(rtexit2.o)
    0x0800028e   0x0800028e   0x00000002   PAD
    0x08000290   0x08000290   0x00000040   Code   RO        11807    .text               startup_stm32l475xx.o
    0x080002d0   0x080002d0   0x000000d4   Code   RO        12308    .text               RTX_CM4F.lib(irq_armv7m.o)
    0x080003a4   0x080003a4   0x000000ee   Code   RO        12372    .text               c_w.l(lludivv7m.o)
    0x08000492   0x08000492   0x00000002   PAD
    0x08000494   0x08000494   0x00000018   Code   RO        12378    .text               c_w.l(noretval__2printf.o)
    0x080004ac   0x080004ac   0x00000028   Code   RO        12380    .text               c_w.l(noretval__2sprintf.o)
    0x080004d4   0x080004d4   0x0000004e   Code   RO        12384    .text               c_w.l(_printf_pad.o)
    0x08000522   0x08000522   0x00000002   PAD
    0x08000524   0x08000524   0x00000078   Code   RO        12386    .text               c_w.l(_printf_dec.o)
    0x0800059c   0x0800059c   0x0000013e   Code   RO        12400    .text               c_w.l(__printf_flags_wp.o)
    0x080006da   0x080006da   0x00000048   Code   RO        12411    .text               c_w.l(strcpy.o)
    0x08000722   0x08000722   0x0000008a   Code   RO        12413    .text               c_w.l(rt_memcpy_v6.o)
    0x080007ac   0x080007ac   0x00000064   Code   RO        12415    .text               c_w.l(rt_memcpy_w.o)
    0x08000810   0x08000810   0x00000044   Code   RO        12417    .text               c_w.l(rt_memclr.o)
    0x08000854   0x08000854   0x0000004e   Code   RO        12419    .text               c_w.l(rt_memclr_w.o)
    0x080008a2   0x080008a2   0x00000002   PAD
    0x080008a4   0x080008a4   0x00000080   Code   RO        12421    .text               c_w.l(strcmpv7m.o)
    0x08000924   0x08000924   0x00000006   Code   RO        12423    .text               c_w.l(heapauxi.o)
    0x0800092a   0x0800092a   0x000000b2   Code   RO        12456    .text               c_w.l(_printf_intcommon.o)
    0x080009dc   0x080009dc   0x00000424   Code   RO        12458    .text               c_w.l(_printf_fp_dec.o)
    0x08000e00   0x08000e00   0x00000030   Code   RO        12460    .text               c_w.l(_printf_char_common.o)
    0x08000e30   0x08000e30   0x0000000a   Code   RO        12462    .text               c_w.l(_sputc.o)
    0x08000e3a   0x08000e3a   0x00000002   PAD
    0x08000e3c   0x08000e3c   0x00000024   Code   RO        12464    .text               c_w.l(_printf_char_file.o)
    0x08000e60   0x08000e60   0x0000000a   Code   RO        12498    .text               c_w.l(rt_locale_twolibspace.o)
    0x08000e6a   0x08000e6a   0x0000008a   Code   RO        12500    .text               c_w.l(lludiv10.o)
    0x08000ef4   0x08000ef4   0x00000080   Code   RO        12502    .text               c_w.l(_printf_fp_infnan.o)
    0x08000f74   0x08000f74   0x000000e4   Code   RO        12506    .text               c_w.l(bigflt0.o)
    0x08001058   0x08001058   0x0000001e   Code   RO        12533    .text               c_w.l(ferror_locked.o)
    0x08001076   0x08001076   0x00000002   PAD
    0x08001078   0x08001078   0x00000008   Code   RO        12542    .text               c_w.l(libspace.o)
    0x08001080   0x08001080   0x0000004a   Code   RO        12545    .text               c_w.l(sys_stackheap_outer.o)
    0x080010ca   0x080010ca   0x00000012   Code   RO        12547    .text               c_w.l(exit.o)
    0x080010dc   0x080010dc   0x00000040   Code   RO        12291    .text.MessageQueueGet  RTX_CM4F.lib(rtx_msgqueue.o)
    0x0800111c   0x0800111c   0x00000058   Code   RO        12285    .text.MessageQueuePut  RTX_CM4F.lib(rtx_msgqueue.o)
    0x08001174   0x08001174   0x0000001c   Code   RO        12283    .text.MessageQueueRemove  RTX_CM4F.lib(rtx_msgqueue.o)
    0x08001190   0x08001190   0x0000000c   Code   RO        12350    .text.OS_Tick_AcknowledgeIRQ  RTX_CM4F.lib(os_systick.o)
    0x0800119c   0x0800119c   0x0000002c   Code   RO        12346    .text.OS_Tick_Enable  RTX_CM4F.lib(os_systick.o)
    0x080011c8   0x080011c8   0x00000006   Code   RO        12352    .text.OS_Tick_GetIRQn  RTX_CM4F.lib(os_systick.o)
    0x080011ce   0x080011ce   0x00000002   PAD
    0x080011d0   0x080011d0   0x00000040   Code   RO        12344    .text.OS_Tick_Setup  RTX_CM4F.lib(os_systick.o)
    0x08001210   0x08001210   0x0000000c   Code   RO        11907    .text.OUTLINED_FUNCTION_0  RTX_CM4F.lib(rtx_kernel.o)
    0x0800121c   0x0800121c   0x0000000c   Code   RO        12299    .text.OUTLINED_FUNCTION_0  RTX_CM4F.lib(rtx_msgqueue.o)
    0x08001228   0x08001228   0x00000006   Code   RO        11909    .text.OUTLINED_FUNCTION_1  RTX_CM4F.lib(rtx_kernel.o)
    0x0800122e   0x0800122e   0x0000002e   Code   RO        12183    .text.SemaphoreTokenIncrement  RTX_CM4F.lib(rtx_semaphore.o)
    0x0800125c   0x0800125c   0x00000064   Code   RO        12001    .text.ThreadFlagsCheck  RTX_CM4F.lib(rtx_thread.o)
    0x080012c0   0x080012c0   0x00000048   Code   RO        12101    .text.TimerInsert   RTX_CM4F.lib(rtx_timer.o)
    0x08001308   0x08001308   0x00000024   Code   RO        12067    .text.osDelay       RTX_CM4F.lib(rtx_delay.o)
    0x0800132c   0x0800132c   0x00000030   Code   RO        11859    .text.osKernelGetState  RTX_CM4F.lib(rtx_kernel.o)
    0x0800135c   0x0800135c   0x0000002c   Code   RO        11853    .text.osKernelInitialize  RTX_CM4F.lib(rtx_kernel.o)
    0x08001388   0x08001388   0x00000024   Code   RO        11863    .text.osKernelStart  RTX_CM4F.lib(rtx_kernel.o)
    0x080013ac   0x080013ac   0x00000070   Code   RO        12259    .text.osMessageQueueGet  RTX_CM4F.lib(rtx_msgqueue.o)
    0x0800141c   0x0800141c   0x00000080   Code   RO        12257    .text.osMessageQueuePut  RTX_CM4F.lib(rtx_msgqueue.o)
    0x0800149c   0x0800149c   0x00000024   Code   RO        12133    .text.osMutexAcquire  RTX_CM4F.lib(rtx_mutex.o)
    0x080014c0   0x080014c0   0x00000024   Code   RO        12139    .text.osMutexDelete  RTX_CM4F.lib(rtx_mutex.o)
    0x080014e4   0x080014e4   0x00000024   Code   RO        12129    .text.osMutexNew    RTX_CM4F.lib(rtx_mutex.o)
    0x08001508   0x08001508   0x00000024   Code   RO        12135    .text.osMutexRelease  RTX_CM4F.lib(rtx_mutex.o)
    0x0800152c   0x0800152c   0x00000004   Code   RO        11851    .text.osRtxKernelErrorNotify  RTX_CM4F.lib(rtx_kernel.o)
    0x08001530   0x08001530   0x00000002   Code   RO        11849    .text.osRtxKernelPreInit  RTX_CM4F.lib(rtx_kernel.o)
    0x08001532   0x08001532   0x0000006c   Code   RO        12318    .text.osRtxMemoryAlloc  RTX_CM4F.lib(rtx_memory.o)
    0x0800159e   0x0800159e   0x00000042   Code   RO        12320    .text.osRtxMemoryFree  RTX_CM4F.lib(rtx_memory.o)
    0x080015e0   0x080015e0   0x00000036   Code   RO        12316    .text.osRtxMemoryInit  RTX_CM4F.lib(rtx_memory.o)
    0x08001616   0x08001616   0x0000003a   Code   RO        12199    .text.osRtxMemoryPoolAlloc  RTX_CM4F.lib(rtx_mempool.o)
    0x08001650   0x08001650   0x0000004a   Code   RO        12201    .text.osRtxMemoryPoolFree  RTX_CM4F.lib(rtx_mempool.o)
    0x0800169a   0x0800169a   0x00000038   Code   RO        12197    .text.osRtxMemoryPoolInit  RTX_CM4F.lib(rtx_mempool.o)
    0x080016d2   0x080016d2   0x000000aa   Code   RO        12281    .text.osRtxMessageQueuePostProcess  RTX_CM4F.lib(rtx_msgqueue.o)
    0x0800177c   0x0800177c   0x00000028   Code   RO        12249    .text.osRtxMessageQueueTimerSetup  RTX_CM4F.lib(rtx_msgqueue.o)
    0x080017a4   0x080017a4   0x00000048   Code   RO        12125    .text.osRtxMutexOwnerRelease  RTX_CM4F.lib(rtx_mutex.o)
    0x080017ec   0x080017ec   0x00000042   Code   RO        12127    .text.osRtxMutexOwnerRestore  RTX_CM4F.lib(rtx_mutex.o)
    0x0800182e   0x0800182e   0x00000002   PAD
    0x08001830   0x08001830   0x0000008c   Code   RO        12332    .text.osRtxPendSV_Handler  RTX_CM4F.lib(rtx_system.o)
    0x080018bc   0x080018bc   0x00000074   Code   RO        12334    .text.osRtxPostProcess  RTX_CM4F.lib(rtx_system.o)
    0x08001930   0x08001930   0x00000036   Code   RO        12177    .text.osRtxSemaphorePostProcess  RTX_CM4F.lib(rtx_semaphore.o)
    0x08001966   0x08001966   0x00000002   PAD
    0x08001968   0x08001968   0x00000038   Code   RO        11941    .text.osRtxThreadBlock  RTX_CM4F.lib(rtx_thread.o)
    0x080019a0   0x080019a0   0x00000080   Code   RO        11949    .text.osRtxThreadDelayInsert  RTX_CM4F.lib(rtx_thread.o)
    0x08001a20   0x08001a20   0x00000040   Code   RO        11945    .text.osRtxThreadDelayRemove  RTX_CM4F.lib(rtx_thread.o)
    0x08001a60   0x08001a60   0x0000004c   Code   RO        11931    .text.osRtxThreadDelayTick  RTX_CM4F.lib(rtx_thread.o)
    0x08001aac   0x08001aac   0x00000024   Code   RO        12033    .text.osRtxThreadDestroy  RTX_CM4F.lib(rtx_thread.o)
    0x08001ad0   0x08001ad0   0x00000054   Code   RO        11939    .text.osRtxThreadDispatch  RTX_CM4F.lib(rtx_thread.o)
    0x08001b24   0x08001b24   0x00000058   Code   RO        12025    .text.osRtxThreadFree  RTX_CM4F.lib(rtx_thread.o)
    0x08001b7c   0x08001b7c   0x0000001e   Code   RO        12031    .text.osRtxThreadJoinWakeup  RTX_CM4F.lib(rtx_thread.o)
    0x08001b9a   0x08001b9a   0x00000012   Code   RO        11923    .text.osRtxThreadListGet  RTX_CM4F.lib(rtx_thread.o)
    0x08001bac   0x08001bac   0x0000002c   Code   RO        11921    .text.osRtxThreadListPut  RTX_CM4F.lib(rtx_thread.o)
    0x08001bd8   0x08001bd8   0x00000014   Code   RO        11927    .text.osRtxThreadListRemove  RTX_CM4F.lib(rtx_thread.o)
    0x08001bec   0x08001bec   0x0000000c   Code   RO        11933    .text.osRtxThreadListRoot  RTX_CM4F.lib(rtx_thread.o)
    0x08001bf8   0x08001bf8   0x00000026   Code   RO        11925    .text.osRtxThreadListSort  RTX_CM4F.lib(rtx_thread.o)
    0x08001c1e   0x08001c1e   0x00000028   Code   RO        11999    .text.osRtxThreadPostProcess  RTX_CM4F.lib(rtx_thread.o)
    0x08001c46   0x08001c46   0x00000002   PAD
    0x08001c48   0x08001c48   0x00000014   Code   RO        11929    .text.osRtxThreadReadyPut  RTX_CM4F.lib(rtx_thread.o)
    0x08001c5c   0x08001c5c   0x00000014   Code   RO        11935    .text.osRtxThreadRegPtr  RTX_CM4F.lib(rtx_thread.o)
    0x08001c70   0x08001c70   0x0000003c   Code   RO        11951    .text.osRtxThreadStartup  RTX_CM4F.lib(rtx_thread.o)
    0x08001cac   0x08001cac   0x00000010   Code   RO        11937    .text.osRtxThreadSwitch  RTX_CM4F.lib(rtx_thread.o)
    0x08001cbc   0x08001cbc   0x0000003c   Code   RO        11947    .text.osRtxThreadWaitEnter  RTX_CM4F.lib(rtx_thread.o)
    0x08001cf8   0x08001cf8   0x00000030   Code   RO        11943    .text.osRtxThreadWaitExit  RTX_CM4F.lib(rtx_thread.o)
    0x08001d28   0x08001d28   0x00000078   Code   RO        12330    .text.osRtxTick_Handler  RTX_CM4F.lib(rtx_system.o)
    0x08001da0   0x08001da0   0x00000020   Code   RO        12083    .text.osRtxTimerSetup  RTX_CM4F.lib(rtx_timer.o)
    0x08001dc0   0x08001dc0   0x00000020   Code   RO        12087    .text.osRtxTimerThread  RTX_CM4F.lib(rtx_timer.o)
    0x08001de0   0x08001de0   0x00000070   Code   RO        12085    .text.osRtxTimerTick  RTX_CM4F.lib(rtx_timer.o)
    0x08001e50   0x08001e50   0x00000054   Code   RO        12165    .text.osSemaphoreAcquire  RTX_CM4F.lib(rtx_semaphore.o)
    0x08001ea4   0x08001ea4   0x00000024   Code   RO        12161    .text.osSemaphoreNew  RTX_CM4F.lib(rtx_semaphore.o)
    0x08001ec8   0x08001ec8   0x0000004c   Code   RO        12167    .text.osSemaphoreRelease  RTX_CM4F.lib(rtx_semaphore.o)
    0x08001f14   0x08001f14   0x0000000c   Code   RO        11983    .text.osThreadExit  RTX_CM4F.lib(rtx_thread.o)
    0x08001f20   0x08001f20   0x00000024   Code   RO        11955    .text.osThreadNew   RTX_CM4F.lib(rtx_thread.o)
    0x08001f44   0x08001f44   0x00000016   Code   RO        12071    .text.svcRtxDelay   RTX_CM4F.lib(rtx_delay.o)
    0x08001f5a   0x08001f5a   0x00000002   PAD
    0x08001f5c   0x08001f5c   0x0000000c   Code   RO        11861    .text.svcRtxKernelGetState  RTX_CM4F.lib(rtx_kernel.o)
    0x08001f68   0x08001f68   0x00000100   Code   RO        11891    .text.svcRtxKernelInitialize  RTX_CM4F.lib(rtx_kernel.o)
    0x08002068   0x08002068   0x00000088   Code   RO        11893    .text.svcRtxKernelStart  RTX_CM4F.lib(rtx_kernel.o)
    0x080020f0   0x080020f0   0x000000d8   Code   RO        12293    .text.svcRtxMessageQueueGet  RTX_CM4F.lib(rtx_msgqueue.o)
    0x080021c8   0x080021c8   0x0000011e   Code   RO        12251    .text.svcRtxMessageQueueNew  RTX_CM4F.lib(rtx_msgqueue.o)
    0x080022e6   0x080022e6   0x00000002   PAD
    0x080022e8   0x080022e8   0x000000b4   Code   RO        12289    .text.svcRtxMessageQueuePut  RTX_CM4F.lib(rtx_msgqueue.o)
    0x0800239c   0x0800239c   0x00000090   Code   RO        12145    .text.svcRtxMutexAcquire  RTX_CM4F.lib(rtx_mutex.o)
    0x0800242c   0x0800242c   0x000000b0   Code   RO        12151    .text.svcRtxMutexDelete  RTX_CM4F.lib(rtx_mutex.o)
    0x080024dc   0x080024dc   0x00000068   Code   RO        12141    .text.svcRtxMutexNew  RTX_CM4F.lib(rtx_mutex.o)
    0x08002544   0x08002544   0x000000b4   Code   RO        12147    .text.svcRtxMutexRelease  RTX_CM4F.lib(rtx_mutex.o)
    0x080025f8   0x080025f8   0x00000058   Code   RO        12181    .text.svcRtxSemaphoreAcquire  RTX_CM4F.lib(rtx_semaphore.o)
    0x08002650   0x08002650   0x0000007c   Code   RO        12175    .text.svcRtxSemaphoreNew  RTX_CM4F.lib(rtx_semaphore.o)
    0x080026cc   0x080026cc   0x00000038   Code   RO        12185    .text.svcRtxSemaphoreRelease  RTX_CM4F.lib(rtx_semaphore.o)
    0x08002704   0x08002704   0x0000004c   Code   RO        12029    .text.svcRtxThreadExit  RTX_CM4F.lib(rtx_thread.o)
    0x08002750   0x08002750   0x000001f2   Code   RO        11953    .text.svcRtxThreadNew  RTX_CM4F.lib(rtx_thread.o)
    0x08002942   0x08002942   0x0000003e   Code   RO        12509    CL$$btod_d2e        c_w.l(btod.o)
    0x08002980   0x08002980   0x00000046   Code   RO        12511    CL$$btod_d2e_denorm_low  c_w.l(btod.o)
    0x080029c6   0x080029c6   0x00000060   Code   RO        12510    CL$$btod_d2e_norm_op1  c_w.l(btod.o)
    0x08002a26   0x08002a26   0x00000338   Code   RO        12519    CL$$btod_div_common  c_w.l(btod.o)
    0x08002d5e   0x08002d5e   0x000000dc   Code   RO        12516    CL$$btod_e2e        c_w.l(btod.o)
    0x08002e3a   0x08002e3a   0x0000002a   Code   RO        12513    CL$$btod_ediv       c_w.l(btod.o)
    0x08002e64   0x08002e64   0x0000002a   Code   RO        12512    CL$$btod_emul       c_w.l(btod.o)
    0x08002e8e   0x08002e8e   0x00000244   Code   RO        12518    CL$$btod_mult_common  c_w.l(btod.o)
    0x080030d2   0x080030d2   0x0000004e   Code   RO        10993    i.AHT10_Init        aht10.o
    0x08003120   0x08003120   0x0000004a   Code   RO        10995    i.AHT10_Read_Data   aht10.o
    0x0800316a   0x0800316a   0x00000002   PAD
    0x0800316c   0x0800316c   0x0000009c   Code   RO        10996    i.AHT10_Read_Humidity  aht10.o
    0x08003208   0x08003208   0x000000bc   Code   RO        10997    i.AHT10_Read_Temperature  aht10.o
    0x080032c4   0x080032c4   0x0000004c   Code   RO        10998    i.AHT10_Write_Data  aht10.o
    0x08003310   0x08003310   0x00000024   Code   RO        11053    i.BEEP              beep.o
    0x08003334   0x08003334   0x0000004c   Code   RO        11054    i.BEEP_Init         beep.o
    0x08003380   0x08003380   0x00000010   Code   RO        10953    i.DEVICE_Init       device.o
    0x08003390   0x08003390   0x00000204   Code   RO         3034    i.HAL_GPIO_Init     stm32l4xx_hal_gpio.o
    0x08003594   0x08003594   0x00000010   Code   RO         3036    i.HAL_GPIO_ReadPin  stm32l4xx_hal_gpio.o
    0x080035a4   0x080035a4   0x0000000a   Code   RO         3038    i.HAL_GPIO_WritePin  stm32l4xx_hal_gpio.o
    0x080035ae   0x080035ae   0x00000002   PAD
    0x080035b0   0x080035b0   0x0000000c   Code   RO          534    i.HAL_GetTick       stm32l4xx_hal.o
    0x080035bc   0x080035bc   0x0000001e   Code   RO          539    i.HAL_Init          stm32l4xx_hal.o
    0x080035da   0x080035da   0x00000002   PAD
    0x080035dc   0x080035dc   0x00000030   Code   RO          540    i.HAL_InitTick      stm32l4xx_hal.o
    0x0800360c   0x0800360c   0x00000002   Code   RO          324    i.HAL_MspInit       stm32l4xx_hal_msp.o
    0x0800360e   0x0800360e   0x0000001a   Code   RO         1578    i.HAL_NVIC_EnableIRQ  stm32l4xx_hal_cortex.o
    0x08003628   0x08003628   0x00000082   Code   RO         1584    i.HAL_NVIC_SetPriority  stm32l4xx_hal_cortex.o
    0x080036aa   0x080036aa   0x00000002   PAD
    0x080036ac   0x080036ac   0x00000028   Code   RO         1585    i.HAL_NVIC_SetPriorityGrouping  stm32l4xx_hal_cortex.o
    0x080036d4   0x080036d4   0x0000000c   Code   RO         5774    i.HAL_RCC_GetHCLKFreq  stm32l4xx_hal_rcc.o
    0x080036e0   0x080036e0   0x00000024   Code   RO         5776    i.HAL_RCC_GetPCLK1Freq  stm32l4xx_hal_rcc.o
    0x08003704   0x08003704   0x00000024   Code   RO         5777    i.HAL_RCC_GetPCLK2Freq  stm32l4xx_hal_rcc.o
    0x08003728   0x08003728   0x0000011c   Code   RO         5778    i.HAL_RCC_GetSysClockFreq  stm32l4xx_hal_rcc.o
    0x08003844   0x08003844   0x000000e6   Code   RO         7573    i.HAL_SPI_Init      stm32l4xx_hal_spi.o
    0x0800392a   0x0800392a   0x00000002   PAD
    0x0800392c   0x0800392c   0x000000d4   Code   RO        11352    i.HAL_SPI_MspInit   spi3.o
    0x08003a00   0x08003a00   0x0000021c   Code   RO         7581    i.HAL_SPI_Transmit  stm32l4xx_hal_spi.o
    0x08003c1c   0x08003c1c   0x00000034   Code   RO         1589    i.HAL_SYSTICK_Config  stm32l4xx_hal_cortex.o
    0x08003c50   0x08003c50   0x00000078   Code   RO         9317    i.HAL_UART_Init     stm32l4xx_hal_uart.o
    0x08003cc8   0x08003cc8   0x00000080   Code   RO        11397    i.HAL_UART_MspInit  uart.o
    0x08003d48   0x08003d48   0x00000116   Code   RO         9320    i.HAL_UART_Receive  stm32l4xx_hal_uart.o
    0x08003e5e   0x08003e5e   0x00000002   PAD
    0x08003e60   0x08003e60   0x00000054   Code   RO        11459    i.IIC_Ack           iic.o
    0x08003eb4   0x08003eb4   0x0000000a   Code   RO        11460    i.IIC_Delay         iic.o
    0x08003ebe   0x08003ebe   0x00000002   PAD
    0x08003ec0   0x08003ec0   0x0000008c   Code   RO        11461    i.IIC_Init          iic.o
    0x08003f4c   0x08003f4c   0x00000054   Code   RO        11462    i.IIC_NAck          iic.o
    0x08003fa0   0x08003fa0   0x0000006c   Code   RO        11463    i.IIC_Read_Byte     iic.o
    0x0800400c   0x0800400c   0x00000074   Code   RO        11464    i.IIC_Send_Byte     iic.o
    0x08004080   0x08004080   0x00000054   Code   RO        11465    i.IIC_Start         iic.o
    0x080040d4   0x080040d4   0x00000054   Code   RO        11466    i.IIC_Stop          iic.o
    0x08004128   0x08004128   0x00000068   Code   RO        11467    i.IIC_Wait_Ack      iic.o
    0x08004190   0x08004190   0x00000080   Code   RO        11089    i.KEY_Init          key.o
    0x08004210   0x08004210   0x000000d0   Code   RO        11090    i.KEY_Scan          key.o
    0x080042e0   0x080042e0   0x00000052   Code   RO        11121    i.LCD_Address_Set   lcd.o
    0x08004332   0x08004332   0x00000002   PAD
    0x08004334   0x08004334   0x00000070   Code   RO        11122    i.LCD_Clear         lcd.o
    0x080043a4   0x080043a4   0x000000b4   Code   RO        11132    i.LCD_Gpio_Init     lcd.o
    0x08004458   0x08004458   0x000001a0   Code   RO        11133    i.LCD_Init          lcd.o
    0x080045f8   0x080045f8   0x0000004a   Code   RO        11135    i.LCD_SPI_Send      lcd.o
    0x08004642   0x08004642   0x00000002   PAD
    0x08004644   0x08004644   0x00000216   Code   RO        11136    i.LCD_ShowChar      lcd.o
    0x0800485a   0x0800485a   0x00000062   Code   RO        11138    i.LCD_ShowString    lcd.o
    0x080048bc   0x080048bc   0x0000001c   Code   RO        11141    i.LCD_Write_Cmd     lcd.o
    0x080048d8   0x080048d8   0x0000001c   Code   RO        11142    i.LCD_Write_Data    lcd.o
    0x080048f4   0x080048f4   0x0000002c   Code   RO        11143    i.LCD_Write_HalfWord  lcd.o
    0x08004920   0x08004920   0x00000050   Code   RO        11298    i.LED_Init          led.o
    0x08004970   0x08004970   0x00000010   Code   RO         1591    i.NVIC_GetPriorityGrouping  stm32l4xx_hal_cortex.o
    0x08004980   0x08004980   0x00000028   Code   RO         1592    i.NVIC_SetPriority  stm32l4xx_hal_cortex.o
    0x080049a8   0x080049a8   0x00000018   Code   RO        10954    i.OnBoard_DEVICE_Init  device.o
    0x080049c0   0x080049c0   0x00000014   Code   RO        10955    i.OnChip_DEVICE_Init  device.o
    0x080049d4   0x080049d4   0x00000054   Code   RO        11353    i.SPI3_Init         spi3.o
    0x08004a28   0x08004a28   0x0000001c   Code   RO        11355    i.SPI3_WriteByte    spi3.o
    0x08004a44   0x08004a44   0x00000064   Code   RO         7613    i.SPI_EndRxTxTransaction  stm32l4xx_hal_spi.o
    0x08004aa8   0x08004aa8   0x000000aa   Code   RO         7620    i.SPI_WaitFifoStateUntilTimeout  stm32l4xx_hal_spi.o
    0x08004b52   0x08004b52   0x000000a8   Code   RO         7621    i.SPI_WaitFlagStateUntilTimeout  stm32l4xx_hal_spi.o
    0x08004bfa   0x08004bfa   0x00000002   PAD
    0x08004bfc   0x08004bfc   0x00000050   Code   RO        11815    i.SystemInit        system_stm32l4xx.o
    0x08004c4c   0x08004c4c   0x00000024   Code   RO        11398    i.UART1_Get_Data    uart.o
    0x08004c70   0x08004c70   0x0000005c   Code   RO        11399    i.UART1_Init        uart.o
    0x08004ccc   0x08004ccc   0x000000f8   Code   RO         9330    i.UART_AdvFeatureConfig  stm32l4xx_hal_uart.o
    0x08004dc4   0x08004dc4   0x00000074   Code   RO         9331    i.UART_CheckIdleState  stm32l4xx_hal_uart.o
    0x08004e38   0x08004e38   0x00000492   Code   RO         9347    i.UART_SetConfig    stm32l4xx_hal_uart.o
    0x080052ca   0x080052ca   0x0000006c   Code   RO         9350    i.UART_WaitOnFlagUntilTimeout  stm32l4xx_hal_uart.o
    0x08005336   0x08005336   0x00000002   PAD
    0x08005338   0x08005338   0x00000094   Code   RO        11400    i.USART1_IRQHandler  uart.o
    0x080053cc   0x080053cc   0x00000030   Code   RO        12540    i.__ARM_fpclassify  m_wm.l(fpclassify.o)
    0x080053fc   0x080053fc   0x0000000e   Code   RO        12398    i._is_digit         c_w.l(__printf_wp.o)
    0x0800540a   0x0800540a   0x00000016   Code   RO        11686    i._mutex_acquire    rtx_lib.o
    0x08005420   0x08005420   0x0000000c   Code   RO        11687    i._mutex_free       rtx_lib.o
    0x0800542c   0x0800542c   0x00000022   Code   RO        11688    i._mutex_initialize  rtx_lib.o
    0x0800544e   0x0800544e   0x00000012   Code   RO        11689    i._mutex_release    rtx_lib.o
    0x08005460   0x08005460   0x00000008   Code   RO        11690    i._platform_post_stackheap_init  rtx_lib.o
    0x08005468   0x08005468   0x00000004   Code   RO        11401    i._sys_exit         uart.o
    0x0800546c   0x0800546c   0x00000028   Code   RO          387    i.aht10_thread      aht10_thread.o
    0x08005494   0x08005494   0x00000060   Code   RO          455    i.beep_thread       beep_thread.o
    0x080054f4   0x080054f4   0x0000001c   Code   RO        11402    i.fputc             uart.o
    0x08005510   0x08005510   0x000000e0   Code   RO          421    i.lcd_thread        lcd_thread.o
    0x080055f0   0x080055f0   0x00000024   Code   RO            4    i.main              main.o
    0x08005614   0x08005614   0x00000020   Code   RO        11773    i.osRtxErrorNotify  rtx_config.o
    0x08005634   0x08005634   0x00000004   Code   RO        11774    i.osRtxIdleThread   rtx_config.o
    0x08005638   0x08005638   0x00000020   Code   RO        11691    i.os_kernel_is_active  rtx_lib.o
    0x08005658   0x08005658   0x00000064   Code   RO          353    i.start_thread      start_thread.o
    0x080056bc   0x080056bc   0x0000009c   Code   RO          489    i.uart_thread       uart_thread.o
    0x08005758   0x08005758   0x0000002c   Code   RO        12536    locale$$code        c_w.l(lc_numeric_c.o)
    0x08005784   0x08005784   0x00000062   Code   RO        12427    x$fpl$d2f           fz_wm.l(d2f.o)
    0x080057e6   0x080057e6   0x00000002   PAD
    0x080057e8   0x080057e8   0x00000150   Code   RO        12429    x$fpl$dadd          fz_wm.l(daddsub_clz.o)
    0x08005938   0x08005938   0x000002b0   Code   RO        12436    x$fpl$ddiv          fz_wm.l(ddiv.o)
    0x08005be8   0x08005be8   0x0000002e   Code   RO        12440    x$fpl$dflt          fz_wm.l(dflt_clz.o)
    0x08005c16   0x08005c16   0x00000002   PAD
    0x08005c18   0x08005c18   0x00000154   Code   RO        12445    x$fpl$dmul          fz_wm.l(dmul.o)
    0x08005d6c   0x08005d6c   0x0000009c   Code   RO        12467    x$fpl$dnaninf       fz_wm.l(dnaninf.o)
    0x08005e08   0x08005e08   0x0000000c   Code   RO        12469    x$fpl$dretinf       fz_wm.l(dretinf.o)
    0x08005e14   0x08005e14   0x000001d4   Code   RO        12431    x$fpl$dsub          fz_wm.l(daddsub_clz.o)
    0x08005fe8   0x08005fe8   0x00000056   Code   RO        12447    x$fpl$f2d           fz_wm.l(f2d.o)
    0x0800603e   0x0800603e   0x0000008c   Code   RO        12471    x$fpl$fnaninf       fz_wm.l(fnaninf.o)
    0x080060ca   0x080060ca   0x0000000a   Code   RO        12612    x$fpl$fpinit        fz_wm.l(fpinit.o)
    0x080060d4   0x080060d4   0x0000000a   Code   RO        12473    x$fpl$fretinf       fz_wm.l(fretinf.o)
    0x080060de   0x080060de   0x00000004   Code   RO        12449    x$fpl$printf1       fz_wm.l(printf1.o)
    0x080060e2   0x080060e2   0x00000000   Code   RO        12475    x$fpl$usenofp       fz_wm.l(usenofp.o)
    0x080060e2   0x080060e2   0x0000e574   Data   RO        11145    .constdata          lcd.o
    0x08014656   0x08014656   0x00000002   PAD
    0x08014658   0x08014658   0x00000068   Data   RO        11699    .constdata          rtx_lib.o
    0x080146c0   0x080146c0   0x00000048   Data   RO        11816    .constdata          system_stm32l4xx.o
    0x08014708   0x08014708   0x00000011   Data   RO        12401    .constdata          c_w.l(__printf_flags_wp.o)
    0x08014719   0x08014719   0x00000003   PAD
    0x0801471c   0x0801471c   0x00000094   Data   RO        12507    .constdata          c_w.l(bigflt0.o)
    0x080147b0   0x080147b0   0x000000a8   Data   RO        11701    .rodata             rtx_lib.o
    0x08014858   0x08014858   0x00000001   Data   RO        12309    .rodata             RTX_CM4F.lib(irq_armv7m.o)
    0x08014859   0x08014859   0x00000003   PAD
    0x0801485c   0x0801485c   0x0000000b   Data   RO        11911    .rodata.str1.4      RTX_CM4F.lib(rtx_kernel.o)
    0x08014867   0x08014867   0x00000001   PAD
    0x08014868   0x08014868   0x00000020   Data   RO        12681    Region$$Table       anon$$obj.o
    0x08014888   0x08014888   0x0000001c   Data   RO        12535    locale$$data        c_w.l(lc_numeric_c.o)


    Execution Region RW_IRAM1 (Exec base: 0x20000000, Load base: 0x080148a4, Size: 0x000092c0, Max: 0x00018000, ABSOLUTE, COMPRESSED[0x00000120])

    Exec Addr    Load Addr    Size         Type   Attr      Idx    E Section Name        Object

    0x20000000   COMPRESSED   0x00008040   Data   RW        11692    .bss.os             rtx_lib.o
    0x20008040   COMPRESSED   0x00000034   Data   RW        11694    .bss.os.msgqueue.cb  rtx_lib.o
    0x20008074   COMPRESSED   0x00000050   Data   RW        11695    .bss.os.msgqueue.mem  rtx_lib.o
    0x200080c4   COMPRESSED   0x00000088   Data   RW        11696    .bss.os.thread.cb   rtx_lib.o
    0x2000814c   COMPRESSED   0x00000004   PAD
    0x20008150   COMPRESSED   0x00000200   Data   RW        11697    .bss.os.thread.idle.stack  rtx_lib.o
    0x20008350   COMPRESSED   0x00000200   Data   RW        11698    .bss.os.thread.timer.stack  rtx_lib.o
    0x20008550   COMPRESSED   0x00000004   Data   RW          354    .data               start_thread.o
    0x20008554   COMPRESSED   0x0000000c   Data   RW          388    .data               aht10_thread.o
    0x20008560   COMPRESSED   0x00000004   Data   RW          422    .data               lcd_thread.o
    0x20008564   COMPRESSED   0x00000004   Data   RW          456    .data               beep_thread.o
    0x20008568   COMPRESSED   0x00000004   Data   RW          490    .data               uart_thread.o
    0x2000856c   COMPRESSED   0x00000004   Data   RW          555    .data               stm32l4xx_hal.o
    0x20008570   COMPRESSED   0x00000001   Data   RW        11091    .data               key.o
    0x20008571   COMPRESSED   0x00000001   PAD
    0x20008572   COMPRESSED   0x00000004   Data   RW        11146    .data               lcd.o
    0x20008576   COMPRESSED   0x00000002   PAD
    0x20008578   COMPRESSED   0x00000014   Data   RW        11404    .data               uart.o
    0x2000858c   COMPRESSED   0x00000001   Data   RW        11700    .data               rtx_lib.o
    0x2000858d   COMPRESSED   0x00000003   PAD
    0x20008590   COMPRESSED   0x00000004   Data   RW        11817    .data               system_stm32l4xx.o
    0x20008594   COMPRESSED   0x000000a4   Data   RW        11912    .data.os            RTX_CM4F.lib(rtx_kernel.o)
    0x20008638        -       0x00000480   Zero   RW        11144    .bss                lcd.o
    0x20008ab8        -       0x00000064   Zero   RW        11356    .bss                spi3.o
    0x20008b1c        -       0x00000140   Zero   RW        11403    .bss                uart.o
    0x20008c5c        -       0x00000060   Zero   RW        12543    .bss                c_w.l(libspace.o)
    0x20008cbc        -       0x00000001   Zero   RW        12362    .bss.os             RTX_CM4F.lib(os_systick.o)
    0x20008cbd   COMPRESSED   0x00000003   PAD
    0x20008cc0        -       0x00000200   Zero   RW        11805    HEAP                startup_stm32l475xx.o
    0x20008ec0        -       0x00000400   Zero   RW        11804    STACK               startup_stm32l475xx.o


==============================================================================

Image component sizes


      Code (inc. data)   RO Data    RW Data    ZI Data      Debug   Object Name

       572         42          0          0          0       5089   aht10.o
        40         10          0         12          0        774   aht10_thread.o
       112         14          0          0          0       1471   beep.o
        96         16          0          4          0        719   beep_thread.o
        60          0          0          0          0       1425   device.o
       814         80          0          0          0       5286   iic.o
       336         26          0          1          0       1630   key.o
      1596         70      58740          4       1152       8865   lcd.o
       224         42          0          4          0        789   lcd_thread.o
        80          8          0          0          0        947   led.o
        36          8          0          0          0     705243   main.o
        36          6          0          0          0       1037   rtx_config.o
       126          4        272      34125          0      16786   rtx_lib.o
       324         32          0          0        100       2522   spi3.o
       100         34          0          4          0        717   start_thread.o
        64         26        392          0       1536        852   startup_stm32l475xx.o
        90         10          0          4          0       3085   stm32l4xx_hal.o
       304         22          0          0          0      30675   stm32l4xx_hal_cortex.o
       542         36          0          0          0       3067   stm32l4xx_hal_gpio.o
         2          0          0          0          0        430   stm32l4xx_hal_msp.o
       368         44          0          0          0       2646   stm32l4xx_hal_rcc.o
      1208          0          0          0          0       5302   stm32l4xx_hal_spi.o
      2040         50          0          0          0       6096   stm32l4xx_hal_uart.o
        80         12         72          4          0       1357   system_stm32l4xx.o
       436         60          0         20        320       5419   uart.o
       156         66          0          4          0        779   uart_thread.o

    ----------------------------------------------------------------------
      9864        718      59510      34196       3108     813008   Object Totals
         0          0         32          0          0          0   (incl. Generated)
        22          0          2         10          0          0   (incl. Padding)

    ----------------------------------------------------------------------

      Code (inc. data)   RO Data    RW Data    ZI Data      Debug   Library Member Name

       212         12          1          0          0        634   irq_armv7m.o
       126         32          0          0          1       3200   os_systick.o
        58          4          0          0          0       2791   rtx_delay.o
       556         48         11        164          0      16501   rtx_kernel.o
       228          0          0          0          0       2537   rtx_memory.o
       188          0          0          0          0      16008   rtx_mempool.o
      1324         32          0          0          0      18657   rtx_msgqueue.o
       886         32          0          0          0       9962   rtx_mutex.o
       564         24          0          0          0      10527   rtx_semaphore.o
       376         26          0          0          0       5296   rtx_system.o
      1680         84          0          0          0      31847   rtx_thread.o
       248         16          0          0          0      10397   rtx_timer.o
        90          0          0          0          0          0   __dczerorl2.o
         8          0          0          0          0         68   __main.o
       318          4         17          0          0         92   __printf_flags_wp.o
        14          0          0          0          0         68   __printf_wp.o
         0          0          0          0          0          0   __rtentry.o
        20          0          0          0          0          0   __rtentry2.o
         6          0          0          0          0          0   __rtentry4.o
        52          8          0          0          0          0   __scatter.o
        28          0          0          0          0          0   __scatter_zi.o
        48          6          0          0          0         96   _printf_char_common.o
        36          4          0          0          0         80   _printf_char_file.o
         6          0          0          0          0          0   _printf_d.o
       120         16          0          0          0         92   _printf_dec.o
         6          0          0          0          0          0   _printf_f.o
      1060          0          0          0          0        216   _printf_fp_dec.o
       128         16          0          0          0         84   _printf_fp_infnan.o
       178          0          0          0          0         88   _printf_intcommon.o
        78          0          0          0          0        108   _printf_pad.o
         0          0          0          0          0          0   _printf_percent.o
         4          0          0          0          0          0   _printf_percent_end.o
        10          0          0          0          0         68   _sputc.o
       228          4        148          0          0         96   bigflt0.o
      1936        128          0          0          0        672   btod.o
        18          0          0          0          0         80   exit.o
        30          0          0          0          0         80   ferror_locked.o
         6          0          0          0          0        152   heapauxi.o
        44         10         28          0          0         76   lc_numeric_c.o
         2          0          0          0          0          0   libinit.o
        22          0          0          0          0          0   libinit2.o
         2          0          0          0          0          0   libshutdown.o
         2          0          0          0          0          0   libshutdown2.o
         8          4          0          0         96         68   libspace.o
       138          0          0          0          0         80   lludiv10.o
       238          0          0          0          0        100   lludivv7m.o
        24          4          0          0          0         84   noretval__2printf.o
        40          6          0          0          0         84   noretval__2sprintf.o
        10          0          0          0          0         76   rt_locale_twolibspace.o
        68          0          0          0          0         68   rt_memclr.o
        78          0          0          0          0         80   rt_memclr_w.o
       138          0          0          0          0         68   rt_memcpy_v6.o
       100          0          0          0          0         80   rt_memcpy_w.o
         2          0          0          0          0          0   rtexit.o
        10          0          0          0          0          0   rtexit2.o
       128          0          0          0          0         68   strcmpv7m.o
        72          0          0          0          0         80   strcpy.o
        74          0          0          0          0         80   sys_stackheap_outer.o
        98          4          0          0          0        140   d2f.o
       804         16          0          0          0        368   daddsub_clz.o
       688        140          0          0          0        256   ddiv.o
        46          0          0          0          0        116   dflt_clz.o
       340         12          0          0          0        152   dmul.o
       156          4          0          0          0        140   dnaninf.o
        12          0          0          0          0        116   dretinf.o
        86          4          0          0          0        132   f2d.o
       140          4          0          0          0        132   fnaninf.o
        10          0          0          0          0        116   fpinit.o
        10          0          0          0          0        116   fretinf.o
         4          0          0          0          0        116   printf1.o
         0          0          0          0          0          0   usenofp.o
        48          0          0          0          0        124   fpclassify.o

    ----------------------------------------------------------------------
     14546        704        212        164        100     133613   Library Totals
        30          0          7          0          3          0   (incl. Padding)

    ----------------------------------------------------------------------

      Code (inc. data)   RO Data    RW Data    ZI Data      Debug   Library Name

      6446        310         12        164          1     128357   RTX_CM4F.lib
      5628        210        193          0         96       3232   c_w.l
      2394        184          0          0          0       1900   fz_wm.l
        48          0          0          0          0        124   m_wm.l

    ----------------------------------------------------------------------
     14546        704        212        164        100     133613   Library Totals

    ----------------------------------------------------------------------

==============================================================================


      Code (inc. data)   RO Data    RW Data    ZI Data      Debug   

     24410       1422      59722      34360       3208     935593   Grand Totals
     24410       1422      59722        288       3208     935593   ELF Image Totals (compressed)
     24410       1422      59722        288          0          0   ROM Totals

==============================================================================

    Total RO  Size (Code + RO Data)                84132 (  82.16kB)
    Total RW  Size (RW Data + ZI Data)             37568 (  36.69kB)
    Total ROM Size (Code + RO Data + RW Data)      84420 (  82.44kB)

==============================================================================

